../Middlewares/Third_Party/LoRaWAN/Mac/LoRaMacClassB.c:154:20:TimerTempCompensation	48	static
../Middlewares/Third_Party/LoRaWAN/Mac/LoRaMacClassB.c:198:13:ComputePingOffset	64	static
../Middlewares/Third_Party/LoRaWAN/Mac/LoRaMacClassB.c:238:17:CalcDownlinkFrequency	32	static
../Middlewares/Third_Party/LoRaWAN/Mac/LoRaMacClassB.c:270:17:CalcDownlinkChannelAndFrequency	40	static
../Middlewares/Third_Party/LoRaWAN/Mac/LoRaMacClassB.c:320:13:CalculateBeaconRxWindowConfig	48	static
../Middlewares/Third_Party/LoRaWAN/Mac/LoRaMacClassB.c:372:13:RxBeaconSetup	32	static
../Middlewares/Third_Party/LoRaWAN/Mac/LoRaMacClassB.c:422:13:CalcNextSlotTime	40	static
../Middlewares/Third_Party/LoRaWAN/Mac/LoRaMacClassB.c:467:17:BeaconCrc	24	static
../Middlewares/Third_Party/LoRaWAN/Mac/LoRaMacClassB.c:489:13:GetTemperature	16	static
../Middlewares/Third_Party/LoRaWAN/Mac/LoRaMacClassB.c:498:13:InitClassB	24	static
../Middlewares/Third_Party/LoRaWAN/Mac/LoRaMacClassB.c:531:13:InitClassBDefaults	32	static
../Middlewares/Third_Party/LoRaWAN/Mac/LoRaMacClassB.c:550:13:EnlargeWindowTimeout	4	static
../Middlewares/Third_Party/LoRaWAN/Mac/LoRaMacClassB.c:571:13:ResetWindowTimeout	4	static
../Middlewares/Third_Party/LoRaWAN/Mac/LoRaMacClassB.c:578:20:CalcDelayForNextBeacon	24	static
../Middlewares/Third_Party/LoRaWAN/Mac/LoRaMacClassB.c:587:13:IndicateBeaconStatus	16	static
../Middlewares/Third_Party/LoRaWAN/Mac/LoRaMacClassB.c:600:20:ApplyGuardTime	24	static
../Middlewares/Third_Party/LoRaWAN/Mac/LoRaMacClassB.c:611:20:UpdateBeaconState	48	static
../Middlewares/Third_Party/LoRaWAN/Mac/LoRaMacClassB.c:641:16:CalcPingNb	16	static
../Middlewares/Third_Party/LoRaWAN/Mac/LoRaMacClassB.c:646:17:CalcPingPeriod	16	static
../Middlewares/Third_Party/LoRaWAN/Mac/LoRaMacClassB.c:697:6:LoRaMacClassBInit	40	static
../Middlewares/Third_Party/LoRaWAN/Mac/LoRaMacClassB.c:722:6:LoRaMacClassBSetBeaconState	16	static
../Middlewares/Third_Party/LoRaWAN/Mac/LoRaMacClassB.c:750:6:LoRaMacClassBSetPingSlotState	16	static
../Middlewares/Third_Party/LoRaWAN/Mac/LoRaMacClassB.c:757:6:LoRaMacClassBSetMulticastSlotState	16	static
../Middlewares/Third_Party/LoRaWAN/Mac/LoRaMacClassB.c:764:6:LoRaMacClassBIsAcquisitionInProgress	8	static
../Middlewares/Third_Party/LoRaWAN/Mac/LoRaMacClassB.c:785:6:LoRaMacClassBBeaconTimerEvent	16	static
../Middlewares/Third_Party/LoRaWAN/Mac/LoRaMacClassB.c:800:13:LoRaMacClassBProcessBeacon	56	static
../Middlewares/Third_Party/LoRaWAN/Mac/LoRaMacClassB.c:1050:6:LoRaMacClassBPingSlotTimerEvent	16	static
../Middlewares/Third_Party/LoRaWAN/Mac/LoRaMacClassB.c:1063:13:LoRaMacClassBProcessPingSlot	32	static
../Middlewares/Third_Party/LoRaWAN/Mac/LoRaMacClassB.c:1231:6:LoRaMacClassBMulticastSlotTimerEvent	16	static
../Middlewares/Third_Party/LoRaWAN/Mac/LoRaMacClassB.c:1244:13:LoRaMacClassBProcessMulticastSlot	48	static
../Middlewares/Third_Party/LoRaWAN/Mac/LoRaMacClassB.c:1450:6:LoRaMacClassBRxBeacon	96	static
../Middlewares/Third_Party/LoRaWAN/Mac/LoRaMacClassB.c:1612:6:LoRaMacClassBIsBeaconExpected	4	static
../Middlewares/Third_Party/LoRaWAN/Mac/LoRaMacClassB.c:1626:6:LoRaMacClassBIsPingExpected	4	static
../Middlewares/Third_Party/LoRaWAN/Mac/LoRaMacClassB.c:1639:6:LoRaMacClassBIsMulticastExpected	4	static
../Middlewares/Third_Party/LoRaWAN/Mac/LoRaMacClassB.c:1652:6:LoRaMacClassBIsAcquisitionPending	4	static
../Middlewares/Third_Party/LoRaWAN/Mac/LoRaMacClassB.c:1665:6:LoRaMacClassBIsBeaconModeActive	4	static
../Middlewares/Third_Party/LoRaWAN/Mac/LoRaMacClassB.c:1679:6:LoRaMacClassBSetPingSlotInfo	24	static
../Middlewares/Third_Party/LoRaWAN/Mac/LoRaMacClassB.c:1687:6:LoRaMacClassBHaltBeaconing	24	static,ignoring_inline_asm
../Middlewares/Third_Party/LoRaWAN/Mac/LoRaMacClassB.c:1715:6:LoRaMacClassBResumeBeaconing	8	static
../Middlewares/Third_Party/LoRaWAN/Mac/LoRaMacClassB.c:1736:17:LoRaMacClassBSwitchClass	16	static
../Middlewares/Third_Party/LoRaWAN/Mac/LoRaMacClassB.c:1761:17:LoRaMacClassBMibGetRequestConfirm	24	static
../Middlewares/Third_Party/LoRaWAN/Mac/LoRaMacClassB.c:1790:17:LoRaMacMibClassBSetRequestConfirm	24	static
../Middlewares/Third_Party/LoRaWAN/Mac/LoRaMacClassB.c:1814:6:LoRaMacClassBPingSlotInfoAns	8	static
../Middlewares/Third_Party/LoRaWAN/Mac/LoRaMacClassB.c:1825:9:LoRaMacClassBPingSlotChannelReq	24	static
../Middlewares/Third_Party/LoRaWAN/Mac/LoRaMacClassB.c:1871:6:LoRaMacClassBBeaconTimingAns	32	static
../Middlewares/Third_Party/LoRaWAN/Mac/LoRaMacClassB.c:1900:6:LoRaMacClassBDeviceTimeAns	56	static
../Middlewares/Third_Party/LoRaWAN/Mac/LoRaMacClassB.c:1936:6:LoRaMacClassBBeaconFreqReq	24	static
../Middlewares/Third_Party/LoRaWAN/Mac/LoRaMacClassB.c:1963:13:LoRaMacClassBIsUplinkCollision	32	static
../Middlewares/Third_Party/LoRaWAN/Mac/LoRaMacClassB.c:1987:6:LoRaMacClassBStopRxSlots	24	static,ignoring_inline_asm
../Middlewares/Third_Party/LoRaWAN/Mac/LoRaMacClassB.c:2000:6:LoRaMacClassBStartRxSlots	8	static
../Middlewares/Third_Party/LoRaWAN/Mac/LoRaMacClassB.c:2016:6:LoRaMacClassBSetMulticastPeriodicity	16	static
../Middlewares/Third_Party/LoRaWAN/Mac/LoRaMacClassB.c:2057:6:LoRaMacClassBProcess	24	static,ignoring_inline_asm
