../Middlewares/Third_Party/LoRaWAN/Mac/LoRaMac.c:987:13:UpdateRxSlotIdleState	0	static
../Middlewares/Third_Party/LoRaWAN/Mac/LoRaMac.c:4344:13:StopRetransmission	0	static
../Middlewares/Third_Party/LoRaWAN/Mac/LoRaMac.c:4402:13:OnMacProcessNotify	8	static
../Middlewares/Third_Party/LoRaWAN/Mac/LoRaMac.c:972:13:OnRadioRxError	8	static
../Middlewares/Third_Party/LoRaWAN/Mac/LoRaMac.c:2638:16:GetMaxAppPayloadWithoutFOptsLength	24	static
../Middlewares/Third_Party/LoRaWAN/Mac/LoRaMac.c:2393:13:OnAckTimeoutTimerEvent	8	static
../Middlewares/Third_Party/LoRaWAN/Mac/LoRaMac.c:1084:13:PrepareRxDoneAbort	8	static
../Middlewares/Third_Party/LoRaWAN/Mac/LoRaMac.c:2676:13:ProcessMacCommands	96	static
../Middlewares/Third_Party/LoRaWAN/Mac/LoRaMac.c:1792:13:HandleRadioRxErrorTimeout	16	static
../Middlewares/Third_Party/LoRaWAN/Mac/LoRaMac.c:3535:24:ScheduleTx	96	static
../Middlewares/Third_Party/LoRaWAN/Mac/LoRaMac.c:2319:13:OnTxDelayedTimerEvent	8	static
../Middlewares/Third_Party/LoRaWAN/Mac/LoRaMac.c:3857:13:OpenContinuousRxCWindow	24	static
../Middlewares/Third_Party/LoRaWAN/Mac/LoRaMac.c:3842:13:RxWindowSetup	16	static
../Middlewares/Third_Party/LoRaWAN/Mac/LoRaMac.c:2372:13:OnRxWindow2TimerEvent	8	static
../Middlewares/Third_Party/LoRaWAN/Mac/LoRaMac.c:2357:13:OnRxWindow1TimerEvent	8	static
../Middlewares/Third_Party/LoRaWAN/Mac/LoRaMac.c:979:13:OnRadioRxTimeout	8	static
../Middlewares/Third_Party/LoRaWAN/Mac/LoRaMac.c:964:13:OnRadioTxTimeout	8	static
../Middlewares/Third_Party/LoRaWAN/Mac/LoRaMac.c:947:13:OnRadioRxDone	24	static
../Middlewares/Third_Party/LoRaWAN/Mac/LoRaMac.c:936:13:OnRadioTxDone	16	static
../Middlewares/Third_Party/LoRaWAN/Mac/LoRaMac.c:3711:13:ResetMacParameters	80	static
../Middlewares/Third_Party/LoRaWAN/Mac/LoRaMac.c:2532:24:SwitchClass	24	static
../Middlewares/Third_Party/LoRaWAN/Mac/LoRaMac.c:1905:6:LoRaMacIsBusy	0	static
../Middlewares/Third_Party/LoRaWAN/Mac/LoRaMac.c:1927:6:LoRaMacIsStopped	0	static
../Middlewares/Third_Party/LoRaWAN/Mac/LoRaMac.c:2275:6:LoRaMacProcess	184	static,ignoring_inline_asm
../Middlewares/Third_Party/LoRaWAN/Mac/LoRaMac.c:4465:17:LoRaMacInitialization	80	static
../Middlewares/Third_Party/LoRaWAN/Mac/LoRaMac.c:4691:17:LoRaMacStart	8	static
../Middlewares/Third_Party/LoRaWAN/Mac/LoRaMac.c:4698:17:LoRaMacStop	8	static
../Middlewares/Third_Party/LoRaWAN/Mac/LoRaMac.c:4716:17:LoRaMacHalt	8	static
../Middlewares/Third_Party/LoRaWAN/Mac/LoRaMac.c:4748:17:LoRaMacQueryTxPossible	48	static
../Middlewares/Third_Party/LoRaWAN/Mac/LoRaMac.c:4818:17:LoRaMacMibGetRequestConfirm	24	static
../Middlewares/Third_Party/LoRaWAN/Mac/LoRaMac.c:5106:17:LoRaMacMibSetRequestConfirm	32	static
../Middlewares/Third_Party/LoRaWAN/Mac/LoRaMac.c:5888:17:LoRaMacChannelAdd	32	static
../Middlewares/Third_Party/LoRaWAN/Mac/LoRaMac.c:5906:17:LoRaMacChannelRemove	16	static
../Middlewares/Third_Party/LoRaWAN/Mac/LoRaMac.c:5927:17:LoRaMacMcChannelSetup	16	static
../Middlewares/Third_Party/LoRaWAN/Mac/LoRaMac.c:5971:17:LoRaMacMcChannelDelete	56	static
../Middlewares/Third_Party/LoRaWAN/Mac/LoRaMac.c:5994:9:LoRaMacMcChannelGetGroupId	0	static
../Middlewares/Third_Party/LoRaWAN/Mac/LoRaMac.c:6006:17:LoRaMacMcChannelSetupRxParams	24	static
../Middlewares/Third_Party/LoRaWAN/Mac/LoRaMac.c:6077:17:LoRaMacProcessMicForDatablock	16	static
../Middlewares/Third_Party/LoRaWAN/Mac/LoRaMac.c:6090:17:LoRaMacMlmeRequest	40	static
../Middlewares/Third_Party/LoRaWAN/Mac/LoRaMac.c:6334:17:LoRaMacMcpsRequest	96	static
../Middlewares/Third_Party/LoRaWAN/Mac/LoRaMac.c:6631:6:LoRaMacTestSetDutyCycleOn	16	static
../Middlewares/Third_Party/LoRaWAN/Mac/LoRaMac.c:6645:17:LoRaMacDeInitialization	16	static
