../Middlewares/Third_Party/LoRaWAN/Mac/LoRaMacCrypto.c:704:30:GetLastFcntDown	0	static
../Middlewares/Third_Party/LoRaWAN/Mac/LoRaMacCrypto.c:558:30:DeriveSessionKey10x	24	static
../Middlewares/Third_Party/LoRaWAN/Mac/LoRaMacCrypto.c:154:30:PayloadEncrypt	64	static
../Middlewares/Third_Party/LoRaWAN/Mac/LoRaMacCrypto.c:397:30:VerifyCmacB0	296	static
../Middlewares/Third_Party/LoRaWAN/Mac/LoRaMacCrypto.c:843:23:LoRaMacCryptoInit	8	static
../Middlewares/Third_Party/LoRaWAN/Mac/LoRaMacCrypto.c:868:23:LoRaMacCryptoSetLrWanVersion	0	static
../Middlewares/Third_Party/LoRaWAN/Mac/LoRaMacCrypto.c:874:23:LoRaMacCryptoGetFCntUp	0	static
../Middlewares/Third_Party/LoRaWAN/Mac/LoRaMacCrypto.c:886:23:LoRaMacCryptoGetFCntDown	24	static
../Middlewares/Third_Party/LoRaWAN/Mac/LoRaMacCrypto.c:1008:23:LoRaMacCryptoSetMulticastReference	0	static
../Middlewares/Third_Party/LoRaWAN/Mac/LoRaMacCrypto.c:1044:23:LoRaMacCryptoPrepareJoinRequest	24	static
../Middlewares/Third_Party/LoRaWAN/Mac/LoRaMacCrypto.c:1345:23:LoRaMacCryptoSecureMessage	40	static
../Middlewares/Third_Party/LoRaWAN/Mac/LoRaMacCrypto.c:1453:23:LoRaMacCryptoUnsecureMessage	48	static
../Middlewares/Third_Party/LoRaWAN/Mac/LoRaMacCrypto.c:1551:23:LoRaMacCryptoDeriveMcRootKey	24	static
../Middlewares/Third_Party/LoRaWAN/Mac/LoRaMacCrypto.c:1572:23:LoRaMacCryptoDeriveMcKEKey	24	static
../Middlewares/Third_Party/LoRaWAN/Mac/LoRaMacCrypto.c:1023:23:LoRaMacCryptoSetKey	8	static
../Middlewares/Third_Party/LoRaWAN/Mac/LoRaMacCrypto.c:1173:23:LoRaMacCryptoHandleJoinAccept	80	static
../Middlewares/Third_Party/LoRaWAN/Mac/LoRaMacCrypto.c:1589:23:LoRaMacCryptoDeriveMcSessionKeyPair	40	static
