../Middlewares/Third_Party/LoRaWAN/LmHandler/LmHandler.c:1413:13:LmHandlerPackageIsTxPending	16	static
../Middlewares/Third_Party/LoRaWAN/LmHandler/LmHandler.c:796:24:LmHandlerDeviceTimeReq	32	static
../Middlewares/Third_Party/LoRaWAN/LmHandler/LmHandler.c:1222:13:MlmeIndication	16	static
../Middlewares/Third_Party/LoRaWAN/LmHandler/LmHandler.c:1034:13:McpsConfirm	16	static
../Middlewares/Third_Party/LoRaWAN/LmHandler/LmHandler.c:370:24:LmHandlerDeInit	8	static
../Middlewares/Third_Party/LoRaWAN/LmHandler/LmHandler.c:551:6:LmHandlerProcess	16	static
../Middlewares/Third_Party/LoRaWAN/LmHandler/LmHandler.c:587:13:LmHandlerGetDutyCycleWaitTime	0	static
../Middlewares/Third_Party/LoRaWAN/LmHandler/LmHandler.c:672:23:LmHandlerJoinStatus	48	static
../Middlewares/Third_Party/LoRaWAN/LmHandler/LmHandler.c:838:24:LmHandlerPingSlotReq	0	static
../Middlewares/Third_Party/LoRaWAN/LmHandler/LmHandler.c:870:24:LmHandlerRequestClass	48	static
../Middlewares/Third_Party/LoRaWAN/LmHandler/LmHandler.c:592:6:LmHandlerJoin	80	static
../Middlewares/Third_Party/LoRaWAN/LmHandler/LmHandler.c:523:6:LmHandlerIsBusy	8	static
../Middlewares/Third_Party/LoRaWAN/LmHandler/LmHandler.c:697:24:LmHandlerSend	40	static
../Middlewares/Third_Party/LoRaWAN/LmHandler/LmHandler.c:967:24:LmHandlerGetCurrentClass	48	static
../Middlewares/Third_Party/LoRaWAN/LmHandler/LmHandler.c:1052:13:McpsIndication	48	static
../Middlewares/Third_Party/LoRaWAN/LmHandler/LmHandler.c:985:24:LmHandlerGetTxDatarate	48	static
../Middlewares/Third_Party/LoRaWAN/LmHandler/LmHandler.c:1004:24:LmHandlerGetActiveRegion	0	static
../Middlewares/Third_Party/LoRaWAN/LmHandler/LmHandler.c:1015:24:LmHandlerSetSystemMaxRxError	48	static
../Middlewares/Third_Party/LoRaWAN/LmHandler/LmHandler.c:385:24:LmHandlerConfigure	72	static
../Middlewares/Third_Party/LoRaWAN/LmHandler/LmHandler.c:1305:24:LmHandlerPackageRegister	24	static
../Middlewares/Third_Party/LoRaWAN/LmHandler/LmHandler.c:334:24:LmHandlerInit	16	static
../Middlewares/Third_Party/LoRaWAN/LmHandler/LmHandler.c:1473:24:LmHandlerGetVersion	0	static
../Middlewares/Third_Party/LoRaWAN/LmHandler/LmHandler.c:1495:24:LmHandlerStop	8	static
../Middlewares/Third_Party/LoRaWAN/LmHandler/LmHandler.c:1507:24:LmHandlerHalt	8	static
../Middlewares/Third_Party/LoRaWAN/LmHandler/LmHandler.c:1519:24:LmHandlerLinkCheckReq	32	static
../Middlewares/Third_Party/LoRaWAN/LmHandler/LmHandler.c:1538:24:LmHandlerGetDevEUI	48	static
../Middlewares/Third_Party/LoRaWAN/LmHandler/LmHandler.c:1555:24:LmHandlerSetDevEUI	48	static
../Middlewares/Third_Party/LoRaWAN/LmHandler/LmHandler.c:1577:24:LmHandlerGetAppEUI	48	static
../Middlewares/Third_Party/LoRaWAN/LmHandler/LmHandler.c:1595:24:LmHandlerSetAppEUI	48	static
../Middlewares/Third_Party/LoRaWAN/LmHandler/LmHandler.c:1617:24:LmHandlerGetNetworkID	48	static
../Middlewares/Third_Party/LoRaWAN/LmHandler/LmHandler.c:1635:24:LmHandlerSetNetworkID	48	static
../Middlewares/Third_Party/LoRaWAN/LmHandler/LmHandler.c:1657:24:LmHandlerGetDevAddr	48	static
../Middlewares/Third_Party/LoRaWAN/LmHandler/LmHandler.c:1675:24:LmHandlerSetDevAddr	48	static
../Middlewares/Third_Party/LoRaWAN/LmHandler/LmHandler.c:1697:24:LmHandlerSetActiveRegion	8	static
../Middlewares/Third_Party/LoRaWAN/LmHandler/LmHandler.c:1712:24:LmHandlerGetAdrEnable	0	static
../Middlewares/Third_Party/LoRaWAN/LmHandler/LmHandler.c:1723:24:LmHandlerSetAdrEnable	48	static
../Middlewares/Third_Party/LoRaWAN/LmHandler/LmHandler.c:1737:24:LmHandlerSetTxDatarate	48	static
../Middlewares/Third_Party/LoRaWAN/LmHandler/LmHandler.c:1757:24:LmHandlerGetDutyCycleEnable	0	static
../Middlewares/Third_Party/LoRaWAN/LmHandler/LmHandler.c:1768:24:LmHandlerSetDutyCycleEnable	8	static
../Middlewares/Third_Party/LoRaWAN/LmHandler/LmHandler.c:1776:24:LmHandlerGetRX2Params	48	static
../Middlewares/Third_Party/LoRaWAN/LmHandler/LmHandler.c:1796:24:LmHandlerGetTxPower	48	static
../Middlewares/Third_Party/LoRaWAN/LmHandler/LmHandler.c:1112:13:MlmeConfirm	56	static
../Middlewares/Third_Party/LoRaWAN/LmHandler/LmHandler.c:1815:24:LmHandlerGetRx1Delay	48	static
../Middlewares/Third_Party/LoRaWAN/LmHandler/LmHandler.c:1833:24:LmHandlerGetRx2Delay	48	static
../Middlewares/Third_Party/LoRaWAN/LmHandler/LmHandler.c:1851:24:LmHandlerGetJoinRx1Delay	48	static
../Middlewares/Third_Party/LoRaWAN/LmHandler/LmHandler.c:1869:24:LmHandlerGetJoinRx2Delay	48	static
../Middlewares/Third_Party/LoRaWAN/LmHandler/LmHandler.c:1887:24:LmHandlerSetTxPower	48	static
../Middlewares/Third_Party/LoRaWAN/LmHandler/LmHandler.c:1902:24:LmHandlerSetRX2Params	48	static
../Middlewares/Third_Party/LoRaWAN/LmHandler/LmHandler.c:1917:24:LmHandlerSetRx1Delay	48	static
../Middlewares/Third_Party/LoRaWAN/LmHandler/LmHandler.c:1930:24:LmHandlerSetRx2Delay	48	static
../Middlewares/Third_Party/LoRaWAN/LmHandler/LmHandler.c:1943:24:LmHandlerSetJoinRx1Delay	48	static
../Middlewares/Third_Party/LoRaWAN/LmHandler/LmHandler.c:1956:24:LmHandlerSetJoinRx2Delay	48	static
../Middlewares/Third_Party/LoRaWAN/LmHandler/LmHandler.c:1969:24:LmHandlerGetPingPeriodicity	0	static
../Middlewares/Third_Party/LoRaWAN/LmHandler/LmHandler.c:1984:24:LmHandlerSetPingPeriodicity	0	static
../Middlewares/Third_Party/LoRaWAN/LmHandler/LmHandler.c:2003:24:LmHandlerGetBeaconState	0	static
../Middlewares/Third_Party/LoRaWAN/LmHandler/LmHandler.c:2025:24:LmHandlerGetKey	16	static
../Middlewares/Third_Party/LoRaWAN/LmHandler/LmHandler.c:2052:24:LmHandlerSetKey	56	static
../Middlewares/Third_Party/LoRaWAN/LmHandler/LmHandler.c:2082:24:LmHandlerNvmDataStore	0	static
