../Drivers/STM32WLxx_HAL_Driver/Src/stm32wlxx_hal_subghz.c:418:13:HAL_SUBGHZ_MspInit	0	static
../Drivers/STM32WLxx_HAL_Driver/Src/stm32wlxx_hal_subghz.c:434:13:HAL_SUBGHZ_MspDeInit	0	static
../Drivers/STM32WLxx_HAL_Driver/Src/stm32wlxx_hal_subghz.c:1356:13:HAL_SUBGHZ_TxCpltCallback	0	static
../Drivers/STM32WLxx_HAL_Driver/Src/stm32wlxx_hal_subghz.c:1372:13:HAL_SUBGHZ_RxCpltCallback	0	static
../Drivers/STM32WLxx_HAL_Driver/Src/stm32wlxx_hal_subghz.c:1388:13:HAL_SUBGHZ_PreambleDetectedCallback	0	static
../Drivers/STM32WLxx_HAL_Driver/Src/stm32wlxx_hal_subghz.c:1404:13:HAL_SUBGHZ_SyncWordValidCallback	0	static
../Drivers/STM32WLxx_HAL_Driver/Src/stm32wlxx_hal_subghz.c:1420:13:HAL_SUBGHZ_HeaderValidCallback	0	static
../Drivers/STM32WLxx_HAL_Driver/Src/stm32wlxx_hal_subghz.c:1436:13:HAL_SUBGHZ_HeaderErrorCallback	0	static
../Drivers/STM32WLxx_HAL_Driver/Src/stm32wlxx_hal_subghz.c:1452:13:HAL_SUBGHZ_CRCErrorCallback	0	static
../Drivers/STM32WLxx_HAL_Driver/Src/stm32wlxx_hal_subghz.c:1470:13:HAL_SUBGHZ_CADStatusCallback	0	static
../Drivers/STM32WLxx_HAL_Driver/Src/stm32wlxx_hal_subghz.c:1488:13:HAL_SUBGHZ_RxTxTimeoutCallback	0	static
../Drivers/STM32WLxx_HAL_Driver/Src/stm32wlxx_hal_subghz.c:1504:13:HAL_SUBGHZ_LrFhssHopCallback	0	static
../Drivers/STM32WLxx_HAL_Driver/Src/stm32wlxx_hal_subghz.c:1538:25:HAL_SUBGHZ_GetState	0	static
../Drivers/STM32WLxx_HAL_Driver/Src/stm32wlxx_hal_subghz.c:1550:10:HAL_SUBGHZ_GetError	0	static
../Drivers/STM32WLxx_HAL_Driver/Src/stm32wlxx_hal_subghz.c:1574:6:SUBGHZSPI_Init	0	static
../Drivers/STM32WLxx_HAL_Driver/Src/stm32wlxx_hal_subghz.c:218:19:HAL_SUBGHZ_Init	16	static
../Drivers/STM32WLxx_HAL_Driver/Src/stm32wlxx_hal_subghz.c:1610:7:SUBGHZSPI_DeInit	0	static
../Drivers/STM32WLxx_HAL_Driver/Src/stm32wlxx_hal_subghz.c:335:19:HAL_SUBGHZ_DeInit	16	static
../Drivers/STM32WLxx_HAL_Driver/Src/stm32wlxx_hal_subghz.c:1626:19:SUBGHZSPI_Transmit	8	static
../Drivers/STM32WLxx_HAL_Driver/Src/stm32wlxx_hal_subghz.c:1685:19:SUBGHZSPI_Receive	8	static
../Drivers/STM32WLxx_HAL_Driver/Src/stm32wlxx_hal_subghz.c:1774:19:SUBGHZ_WaitOnBusy	8	static
../Drivers/STM32WLxx_HAL_Driver/Src/stm32wlxx_hal_subghz.c:1743:19:SUBGHZ_CheckDeviceReady	16	static
../Drivers/STM32WLxx_HAL_Driver/Src/stm32wlxx_hal_subghz.c:799:19:HAL_SUBGHZ_WriteRegisters	24	static
../Drivers/STM32WLxx_HAL_Driver/Src/stm32wlxx_hal_subghz.c:927:19:HAL_SUBGHZ_WriteRegister	16	static
../Drivers/STM32WLxx_HAL_Driver/Src/stm32wlxx_hal_subghz.c:863:19:HAL_SUBGHZ_ReadRegisters	24	static
../Drivers/STM32WLxx_HAL_Driver/Src/stm32wlxx_hal_subghz.c:942:19:HAL_SUBGHZ_ReadRegister	8	static
../Drivers/STM32WLxx_HAL_Driver/Src/stm32wlxx_hal_subghz.c:958:19:HAL_SUBGHZ_ExecSetCmd	24	static
../Drivers/STM32WLxx_HAL_Driver/Src/stm32wlxx_hal_subghz.c:1034:19:HAL_SUBGHZ_ExecGetCmd	24	static
../Drivers/STM32WLxx_HAL_Driver/Src/stm32wlxx_hal_subghz.c:1220:6:HAL_SUBGHZ_IRQHandler	24	static
../Drivers/STM32WLxx_HAL_Driver/Src/stm32wlxx_hal_subghz.c:1099:19:HAL_SUBGHZ_WriteBuffer	24	static
../Drivers/STM32WLxx_HAL_Driver/Src/stm32wlxx_hal_subghz.c:1159:19:HAL_SUBGHZ_ReadBuffer	24	static
