../Drivers/STM32WLxx_HAL_Driver/Src/stm32wlxx_hal_adc.c:854:13:HAL_ADC_MspInit	0	static
../Drivers/STM32WLxx_HAL_Driver/Src/stm32wlxx_hal_adc.c:379:19:HAL_ADC_Init	24	static
../Drivers/STM32WLxx_HAL_Driver/Src/stm32wlxx_hal_adc.c:871:13:HAL_ADC_MspDeInit	0	static
../Drivers/STM32WLxx_HAL_Driver/Src/stm32wlxx_hal_adc.c:1256:19:HAL_ADC_PollForConversion	24	static
../Drivers/STM32WLxx_HAL_Driver/Src/stm32wlxx_hal_adc.c:1389:19:HAL_ADC_PollForEvent	24	static
../Drivers/STM32WLxx_HAL_Driver/Src/stm32wlxx_hal_adc.c:1834:10:HAL_ADC_GetValue	0	static
../Drivers/STM32WLxx_HAL_Driver/Src/stm32wlxx_hal_adc.c:2061:13:HAL_ADC_ConvCpltCallback	0	static
../Drivers/STM32WLxx_HAL_Driver/Src/stm32wlxx_hal_adc.c:2076:13:HAL_ADC_ConvHalfCpltCallback	0	static
../Drivers/STM32WLxx_HAL_Driver/Src/stm32wlxx_hal_adc.c:2931:13:ADC_DMAHalfConvCplt	8	static
../Drivers/STM32WLxx_HAL_Driver/Src/stm32wlxx_hal_adc.c:2091:13:HAL_ADC_LevelOutOfWindowCallback	0	static
../Drivers/STM32WLxx_HAL_Driver/Src/stm32wlxx_hal_adc.c:2113:13:HAL_ADC_ErrorCallback	0	static
../Drivers/STM32WLxx_HAL_Driver/Src/stm32wlxx_hal_adc.c:2949:13:ADC_DMAError	8	static
../Drivers/STM32WLxx_HAL_Driver/Src/stm32wlxx_hal_adc.c:2853:13:ADC_DMAConvCplt	8	static
../Drivers/STM32WLxx_HAL_Driver/Src/stm32wlxx_hal_adc.c:1851:6:HAL_ADC_IRQHandler	16	static
../Drivers/STM32WLxx_HAL_Driver/Src/stm32wlxx_hal_adc.c:2159:19:HAL_ADC_ConfigChannel	24	static,ignoring_inline_asm
../Drivers/STM32WLxx_HAL_Driver/Src/stm32wlxx_hal_adc.c:2603:10:HAL_ADC_GetState	0	static
../Drivers/STM32WLxx_HAL_Driver/Src/stm32wlxx_hal_adc.c:2617:10:HAL_ADC_GetError	0	static
../Drivers/STM32WLxx_HAL_Driver/Src/stm32wlxx_hal_adc.c:2644:19:ADC_ConversionStop	16	static
../Drivers/STM32WLxx_HAL_Driver/Src/stm32wlxx_hal_adc.c:2698:19:ADC_Enable	24	static
../Drivers/STM32WLxx_HAL_Driver/Src/stm32wlxx_hal_adc.c:1138:19:HAL_ADC_Start	8	static
../Drivers/STM32WLxx_HAL_Driver/Src/stm32wlxx_hal_adc.c:1519:19:HAL_ADC_Start_IT	8	static
../Drivers/STM32WLxx_HAL_Driver/Src/stm32wlxx_hal_adc.c:1657:19:HAL_ADC_Start_DMA	24	static
../Drivers/STM32WLxx_HAL_Driver/Src/stm32wlxx_hal_adc.c:2791:19:ADC_Disable	16	static
../Drivers/STM32WLxx_HAL_Driver/Src/stm32wlxx_hal_adc.c:728:19:HAL_ADC_DeInit	16	static
../Drivers/STM32WLxx_HAL_Driver/Src/stm32wlxx_hal_adc.c:1205:19:HAL_ADC_Stop	8	static
../Drivers/STM32WLxx_HAL_Driver/Src/stm32wlxx_hal_adc.c:1610:19:HAL_ADC_Stop_IT	8	static
../Drivers/STM32WLxx_HAL_Driver/Src/stm32wlxx_hal_adc.c:1753:19:HAL_ADC_Stop_DMA	16	static
../Drivers/STM32WLxx_HAL_Driver/Src/stm32wlxx_hal_adc.c:2367:19:HAL_ADC_AnalogWDGConfig	16	static,ignoring_inline_asm
