../Drivers/STM32WLxx_HAL_Driver/Src/stm32wlxx_hal_rtc.c:693:13:HAL_RTC_MspInit	0	static
../Drivers/STM32WLxx_HAL_Driver/Src/stm32wlxx_hal_rtc.c:708:13:HAL_RTC_MspDeInit	0	static
../Drivers/STM32WLxx_HAL_Driver/Src/stm32wlxx_hal_rtc.c:1039:6:HAL_RTC_DST_Add1Hour	0	static
../Drivers/STM32WLxx_HAL_Driver/Src/stm32wlxx_hal_rtc.c:1053:6:HAL_RTC_DST_Sub1Hour	0	static
../Drivers/STM32WLxx_HAL_Driver/Src/stm32wlxx_hal_rtc.c:1067:6:HAL_RTC_DST_SetStoreOperation	0	static
../Drivers/STM32WLxx_HAL_Driver/Src/stm32wlxx_hal_rtc.c:1080:6:HAL_RTC_DST_ClearStoreOperation	0	static
../Drivers/STM32WLxx_HAL_Driver/Src/stm32wlxx_hal_rtc.c:1093:10:HAL_RTC_DST_ReadStoreOperation	0	static
../Drivers/STM32WLxx_HAL_Driver/Src/stm32wlxx_hal_rtc.c:1537:19:HAL_RTC_DeactivateAlarm	0	static
../Drivers/STM32WLxx_HAL_Driver/Src/stm32wlxx_hal_rtc.c:1705:13:HAL_RTC_AlarmAEventCallback	0	static
../Drivers/STM32WLxx_HAL_Driver/Src/stm32wlxx_hal_rtc.c:1666:6:HAL_RTC_AlarmIRQHandler	16	static
../Drivers/STM32WLxx_HAL_Driver/Src/stm32wlxx_hal_rtc.c:1721:19:HAL_RTC_PollForAlarmAEvent	24	static
../Drivers/STM32WLxx_HAL_Driver/Src/stm32wlxx_hal_rtc.c:1779:19:HAL_RTC_WaitForSynchro	16	static
../Drivers/STM32WLxx_HAL_Driver/Src/stm32wlxx_hal_rtc.c:1824:21:HAL_RTC_GetState	0	static
../Drivers/STM32WLxx_HAL_Driver/Src/stm32wlxx_hal_rtc.c:1847:19:RTC_EnterInitMode	24	static
../Drivers/STM32WLxx_HAL_Driver/Src/stm32wlxx_hal_rtc.c:1879:19:RTC_ExitInitMode	8	static
../Drivers/STM32WLxx_HAL_Driver/Src/stm32wlxx_hal_rtc.c:242:19:HAL_RTC_Init	8	static
../Drivers/STM32WLxx_HAL_Driver/Src/stm32wlxx_hal_rtc.c:362:19:HAL_RTC_DeInit	16	static
../Drivers/STM32WLxx_HAL_Driver/Src/stm32wlxx_hal_rtc.c:1916:9:RTC_ByteToBcd2	0	static
../Drivers/STM32WLxx_HAL_Driver/Src/stm32wlxx_hal_rtc.c:749:19:HAL_RTC_SetTime	24	static
../Drivers/STM32WLxx_HAL_Driver/Src/stm32wlxx_hal_rtc.c:921:19:HAL_RTC_SetDate	24	static
../Drivers/STM32WLxx_HAL_Driver/Src/stm32wlxx_hal_rtc.c:1132:19:HAL_RTC_SetAlarm	24	static
../Drivers/STM32WLxx_HAL_Driver/Src/stm32wlxx_hal_rtc.c:1337:19:HAL_RTC_SetAlarm_IT	24	static
../Drivers/STM32WLxx_HAL_Driver/Src/stm32wlxx_hal_rtc.c:1935:9:RTC_Bcd2ToByte	0	static
../Drivers/STM32WLxx_HAL_Driver/Src/stm32wlxx_hal_rtc.c:873:19:HAL_RTC_GetTime	16	static
../Drivers/STM32WLxx_HAL_Driver/Src/stm32wlxx_hal_rtc.c:1005:19:HAL_RTC_GetDate	16	static
../Drivers/STM32WLxx_HAL_Driver/Src/stm32wlxx_hal_rtc.c:1604:19:HAL_RTC_GetAlarm	24	static
