../Drivers/STM32WLxx_HAL_Driver/Src/stm32wlxx_hal_pwr.c:90:6:HAL_PWR_DeInit	0	static
../Drivers/STM32WLxx_HAL_Driver/Src/stm32wlxx_hal_pwr.c:149:6:HAL_PWR_EnableBkUpAccess	0	static
../Drivers/STM32WLxx_HAL_Driver/Src/stm32wlxx_hal_pwr.c:159:6:HAL_PWR_DisableBkUpAccess	0	static
../Drivers/STM32WLxx_HAL_Driver/Src/stm32wlxx_hal_pwr.c:348:19:HAL_PWR_ConfigPVD	0	static
../Drivers/STM32WLxx_HAL_Driver/Src/stm32wlxx_hal_pwr.c:389:6:HAL_PWR_EnablePVD	0	static
../Drivers/STM32WLxx_HAL_Driver/Src/stm32wlxx_hal_pwr.c:399:6:HAL_PWR_DisablePVD	0	static
../Drivers/STM32WLxx_HAL_Driver/Src/stm32wlxx_hal_pwr.c:421:6:HAL_PWR_EnableWakeUpPin	0	static
../Drivers/STM32WLxx_HAL_Driver/Src/stm32wlxx_hal_pwr.c:446:6:HAL_PWR_DisableWakeUpPin	0	static
../Drivers/STM32WLxx_HAL_Driver/Src/stm32wlxx_hal_pwr.c:479:6:HAL_PWR_EnterSLEEPMode	8	static,ignoring_inline_asm
../Drivers/STM32WLxx_HAL_Driver/Src/stm32wlxx_hal_pwr.c:562:6:HAL_PWR_EnterSTOPMode	8	static
../Drivers/STM32WLxx_HAL_Driver/Src/stm32wlxx_hal_pwr.c:597:6:HAL_PWR_EnterSTANDBYMode	0	static,ignoring_inline_asm
../Drivers/STM32WLxx_HAL_Driver/Src/stm32wlxx_hal_pwr.c:635:6:HAL_PWR_EnableSleepOnExit	0	static
../Drivers/STM32WLxx_HAL_Driver/Src/stm32wlxx_hal_pwr.c:647:6:HAL_PWR_DisableSleepOnExit	0	static
../Drivers/STM32WLxx_HAL_Driver/Src/stm32wlxx_hal_pwr.c:659:6:HAL_PWR_EnableSEVOnPend	0	static
../Drivers/STM32WLxx_HAL_Driver/Src/stm32wlxx_hal_pwr.c:671:6:HAL_PWR_DisableSEVOnPend	0	static
../Drivers/STM32WLxx_HAL_Driver/Src/stm32wlxx_hal_pwr.c:681:13:HAL_PWR_PVDCallback	0	static
