../LoRaWAN/App/lora_app.c:612:13:OnTxTimerLedEvent	0	static
../LoRaWAN/App/lora_app.c:619:13:OnRxTimerLedEvent	0	static
../LoRaWAN/App/lora_app.c:626:13:OnJoinTimerLedEvent	0	static
../LoRaWAN/App/lora_app.c:702:13:OnBeaconStatusChange	0	static
../LoRaWAN/App/lora_app.c:737:13:OnClassChange	0	static
../LoRaWAN/App/lora_app.c:778:13:OnTxFrameCtrlChanged	0	static
../LoRaWAN/App/lora_app.c:789:13:OnPingSlotPeriodicityChanged	0	static
../LoRaWAN/App/lora_app.c:894:13:OnNvmDataChange	0	static
../LoRaWAN/App/lora_app.c:635:13:OnTxData	8	static
../LoRaWAN/App/lora_app.c:597:13:OnTxTimerEvent	8	static
../LoRaWAN/App/lora_app.c:744:13:OnMacProcessNotify	8	static
../LoRaWAN/App/lora_app.c:854:13:OnStopJoinTimerEvent	8	static
../LoRaWAN/App/lora_app.c:800:13:OnSystemReset	8	static,ignoring_inline_asm
../LoRaWAN/App/lora_app.c:666:13:OnJoinRequest	8	static
../LoRaWAN/App/lora_app.c:756:13:OnTxPeriodicityChanged	8	static
../LoRaWAN/App/lora_app.c:459:13:OnRxData	16	static
../LoRaWAN/App/lora_app.c:912:13:OnStoreContextRequest	16	static
../LoRaWAN/App/lora_app.c:931:13:OnRestoreContextRequest	8	static
../LoRaWAN/App/lora_app.c:814:13:StopJoin	16	static
../LoRaWAN/App/lora_app.c:872:13:StoreContext	8	static
../LoRaWAN/App/lora_app.c:540:13:SendTxData	16	static
../LoRaWAN/App/lora_app.c:342:6:LoRaWAN_Init	32	static
../LoRaWAN/App/lora_app.c:436:6:HAL_GPIO_EXTI_Callback	8	static
