../Drivers/CMSIS/Include/core_cm4.h:1933:34:__NVIC_SystemReset	4	static,ignoring_inline_asm
../LoRaWAN/App/lora_app.c:342:6:LoRaWAN_Init	24	static
../LoRaWAN/App/lora_app.c:436:6:HAL_GPIO_EXTI_Callback	16	static
../LoRaWAN/App/lora_app.c:459:13:OnRxData	24	static
../LoRaWAN/App/lora_app.c:540:13:SendTxData	48	static
../LoRaWAN/App/lora_app.c:602:13:OnTxTimerEvent	16	static
../LoRaWAN/App/lora_app.c:617:13:OnTxTimerLedEvent	16	static
../LoRaWAN/App/lora_app.c:624:13:OnRxTimerLedEvent	16	static
../LoRaWAN/App/lora_app.c:631:13:OnJoinTimerLedEvent	16	static
../LoRaWAN/App/lora_app.c:640:13:OnTxData	16	static
../LoRaWAN/App/lora_app.c:671:13:OnJoinRequest	16	static
../LoRaWAN/App/lora_app.c:707:13:OnBeaconStatusChange	16	static
../LoRaWAN/App/lora_app.c:742:13:OnClassChange	16	static
../LoRaWAN/App/lora_app.c:749:13:OnMacProcessNotify	8	static
../LoRaWAN/App/lora_app.c:761:13:OnTxPeriodicityChanged	16	static
../LoRaWAN/App/lora_app.c:783:13:OnTxFrameCtrlChanged	16	static
../LoRaWAN/App/lora_app.c:794:13:OnPingSlotPeriodicityChanged	16	static
../LoRaWAN/App/lora_app.c:805:13:OnSystemReset	8	static
../LoRaWAN/App/lora_app.c:819:13:StopJoin	8	static
../LoRaWAN/App/lora_app.c:859:13:OnStopJoinTimerEvent	16	static
../LoRaWAN/App/lora_app.c:877:13:StoreContext	16	static
../LoRaWAN/App/lora_app.c:899:13:OnNvmDataChange	16	static
../LoRaWAN/App/lora_app.c:917:13:OnStoreContextRequest	16	static
../LoRaWAN/App/lora_app.c:936:13:OnRestoreContextRequest	16	static
