../LoRaWAN/App/lora_app.c:685:13:OnTxTimerLedEvent	0	static
../LoRaWAN/App/lora_app.c:692:13:OnRxTimerLedEvent	0	static
../LoRaWAN/App/lora_app.c:699:13:OnJoinTimerLedEvent	0	static
../LoRaWAN/App/lora_app.c:775:13:OnBeaconStatusChange	0	static
../LoRaWAN/App/lora_app.c:810:13:OnClassChange	0	static
../LoRaWAN/App/lora_app.c:851:13:OnTxFrameCtrlChanged	0	static
../LoRaWAN/App/lora_app.c:862:13:OnPingSlotPeriodicityChanged	0	static
../LoRaWAN/App/lora_app.c:967:13:OnNvmDataChange	0	static
../LoRaWAN/App/lora_app.c:708:13:OnTxData	8	static
../LoRaWAN/App/lora_app.c:670:13:OnTxTimerEvent	8	static
../LoRaWAN/App/lora_app.c:817:13:OnMacProcessNotify	8	static
../LoRaWAN/App/lora_app.c:927:13:OnStopJoinTimerEvent	8	static
../LoRaWAN/App/lora_app.c:873:13:OnSystemReset	8	static,ignoring_inline_asm
../LoRaWAN/App/lora_app.c:739:13:OnJoinRequest	8	static
../LoRaWAN/App/lora_app.c:829:13:OnTxPeriodicityChanged	8	static
../LoRaWAN/App/lora_app.c:459:13:OnRxData	16	static
../LoRaWAN/App/lora_app.c:985:13:OnStoreContextRequest	16	static
../LoRaWAN/App/lora_app.c:1004:13:OnRestoreContextRequest	8	static
../LoRaWAN/App/lora_app.c:887:13:StopJoin	16	static
../LoRaWAN/App/lora_app.c:945:13:StoreContext	8	static
../LoRaWAN/App/lora_app.c:540:13:SendTxData	16	static
../LoRaWAN/App/lora_app.c:342:6:LoRaWAN_Init	32	static
../LoRaWAN/App/lora_app.c:436:6:HAL_GPIO_EXTI_Callback	8	static
