../Drivers/CMSIS/Include/core_cm4.h:1933:34:__NVIC_SystemReset	4	static,ignoring_inline_asm
../LoRaWAN/App/lora_app.c:348:6:LoRaWAN_Init	32	static
../LoRaWAN/App/lora_app.c:442:6:HAL_GPIO_EXTI_Callback	16	static
../LoRaWAN/App/lora_app.c:465:13:OnRxData	56	static
../LoRaWAN/App/lora_app.c:546:13:SendTxData	56	static
../LoRaWAN/App/lora_app.c:610:13:OnTxTimerEvent	16	static
../LoRaWAN/App/lora_app.c:625:13:OnTxTimerLedEvent	16	static
../LoRaWAN/App/lora_app.c:632:13:OnRxTimerLedEvent	16	static
../LoRaWAN/App/lora_app.c:639:13:OnJoinTimerLedEvent	16	static
../LoRaWAN/App/lora_app.c:648:13:OnTxData	32	static
../LoRaWAN/App/lora_app.c:679:13:OnJoinRequest	16	static
../LoRaWAN/App/lora_app.c:715:13:OnBeaconStatusChange	96	static
../LoRaWAN/App/lora_app.c:750:13:OnSysTimeUpdate	4	static
../LoRaWAN/App/lora_app.c:757:13:OnClassChange	24	static
../LoRaWAN/App/lora_app.c:764:13:OnMacProcessNotify	8	static
../LoRaWAN/App/lora_app.c:776:13:OnTxPeriodicityChanged	16	static
../LoRaWAN/App/lora_app.c:798:13:OnTxFrameCtrlChanged	16	static
../LoRaWAN/App/lora_app.c:809:13:OnPingSlotPeriodicityChanged	16	static
../LoRaWAN/App/lora_app.c:820:13:OnSystemReset	8	static
../LoRaWAN/App/lora_app.c:834:13:StopJoin	8	static
../LoRaWAN/App/lora_app.c:874:13:OnStopJoinTimerEvent	16	static
../LoRaWAN/App/lora_app.c:892:13:StoreContext	16	static
../LoRaWAN/App/lora_app.c:914:13:OnNvmDataChange	16	static
../LoRaWAN/App/lora_app.c:932:13:OnStoreContextRequest	16	static
../LoRaWAN/App/lora_app.c:947:13:OnRestoreContextRequest	16	static
