../Drivers/CMSIS/Include/core_cm4.h:1933:34:__NVIC_SystemReset	4	static,ignoring_inline_asm
../LoRaWAN/App/lora_app.c:348:6:LoRaWAN_Init	32	static
../LoRaWAN/App/lora_app.c:442:6:HAL_GPIO_EXTI_Callback	16	static
../LoRaWAN/App/lora_app.c:465:13:OnRxData	56	static
../LoRaWAN/App/lora_app.c:546:13:SendTxData	56	static
../LoRaWAN/App/lora_app.c:608:13:OnTxTimerEvent	16	static
../LoRaWAN/App/lora_app.c:623:13:OnTxTimerLedEvent	16	static
../LoRaWAN/App/lora_app.c:630:13:OnRxTimerLedEvent	16	static
../LoRaWAN/App/lora_app.c:637:13:OnJoinTimerLedEvent	16	static
../LoRaWAN/App/lora_app.c:646:13:OnTxData	32	static
../LoRaWAN/App/lora_app.c:677:13:OnJoinRequest	16	static
../LoRaWAN/App/lora_app.c:713:13:OnBeaconStatusChange	96	static
../LoRaWAN/App/lora_app.c:748:13:OnSysTimeUpdate	4	static
../LoRaWAN/App/lora_app.c:755:13:OnClassChange	24	static
../LoRaWAN/App/lora_app.c:762:13:OnMacProcessNotify	8	static
../LoRaWAN/App/lora_app.c:774:13:OnTxPeriodicityChanged	16	static
../LoRaWAN/App/lora_app.c:796:13:OnTxFrameCtrlChanged	16	static
../LoRaWAN/App/lora_app.c:807:13:OnPingSlotPeriodicityChanged	16	static
../LoRaWAN/App/lora_app.c:818:13:OnSystemReset	8	static
../LoRaWAN/App/lora_app.c:832:13:StopJoin	8	static
../LoRaWAN/App/lora_app.c:872:13:OnStopJoinTimerEvent	16	static
../LoRaWAN/App/lora_app.c:890:13:StoreContext	16	static
../LoRaWAN/App/lora_app.c:912:13:OnNvmDataChange	16	static
../LoRaWAN/App/lora_app.c:930:13:OnStoreContextRequest	16	static
../LoRaWAN/App/lora_app.c:945:13:OnRestoreContextRequest	16	static
