../Drivers/CMSIS/Include/core_cm4.h:1933:34:__NVIC_SystemReset	4	static,ignoring_inline_asm
../LoRaWAN/App/lora_app.c:342:6:LoRaWAN_Init	24	static
../LoRaWAN/App/lora_app.c:436:6:HAL_GPIO_EXTI_Callback	16	static
../LoRaWAN/App/lora_app.c:459:13:OnRxData	24	static
../LoRaWAN/App/lora_app.c:540:13:SendTxData	48	static
../LoRaWAN/App/lora_app.c:653:13:OnTxTimerEvent	16	static
../LoRaWAN/App/lora_app.c:668:13:OnTxTimerLedEvent	16	static
../LoRaWAN/App/lora_app.c:675:13:OnRxTimerLedEvent	16	static
../LoRaWAN/App/lora_app.c:682:13:OnJoinTimerLedEvent	16	static
../LoRaWAN/App/lora_app.c:691:13:OnTxData	16	static
../LoRaWAN/App/lora_app.c:722:13:OnJoinRequest	16	static
../LoRaWAN/App/lora_app.c:758:13:OnBeaconStatusChange	16	static
../LoRaWAN/App/lora_app.c:793:13:OnClassChange	16	static
../LoRaWAN/App/lora_app.c:800:13:OnMacProcessNotify	8	static
../LoRaWAN/App/lora_app.c:812:13:OnTxPeriodicityChanged	16	static
../LoRaWAN/App/lora_app.c:834:13:OnTxFrameCtrlChanged	16	static
../LoRaWAN/App/lora_app.c:845:13:OnPingSlotPeriodicityChanged	16	static
../LoRaWAN/App/lora_app.c:856:13:OnSystemReset	8	static
../LoRaWAN/App/lora_app.c:870:13:StopJoin	8	static
../LoRaWAN/App/lora_app.c:910:13:OnStopJoinTimerEvent	16	static
../LoRaWAN/App/lora_app.c:928:13:StoreContext	16	static
../LoRaWAN/App/lora_app.c:950:13:OnNvmDataChange	16	static
../LoRaWAN/App/lora_app.c:968:13:OnStoreContextRequest	16	static
../LoRaWAN/App/lora_app.c:987:13:OnRestoreContextRequest	16	static
