../LoRaWAN/App/lora_app.c:627:13:OnTxTimerLedEvent	0	static
../LoRaWAN/App/lora_app.c:634:13:OnRxTimerLedEvent	0	static
../LoRaWAN/App/lora_app.c:641:13:OnJoinTimerLedEvent	0	static
../LoRaWAN/App/lora_app.c:752:13:OnSysTimeUpdate	0	static
../LoRaWAN/App/lora_app.c:800:13:OnTxFrameCtrlChanged	0	static
../LoRaWAN/App/lora_app.c:811:13:OnPingSlotPeriodicityChanged	0	static
../LoRaWAN/App/lora_app.c:717:13:OnBeaconStatusChange	56	static
../LoRaWAN/App/lora_app.c:759:13:OnClassChange	16	static
../LoRaWAN/App/lora_app.c:916:13:OnNvmDataChange	8	static
../LoRaWAN/App/lora_app.c:650:13:OnTxData	24	static
../LoRaWAN/App/lora_app.c:612:13:OnTxTimerEvent	8	static
../LoRaWAN/App/lora_app.c:766:13:OnMacProcessNotify	8	static
../LoRaWAN/App/lora_app.c:876:13:OnStopJoinTimerEvent	8	static
../LoRaWAN/App/lora_app.c:822:13:OnSystemReset	8	static,ignoring_inline_asm
../LoRaWAN/App/lora_app.c:681:13:OnJoinRequest	8	static
../LoRaWAN/App/lora_app.c:778:13:OnTxPeriodicityChanged	8	static
../LoRaWAN/App/lora_app.c:465:13:OnRxData	40	static
../LoRaWAN/App/lora_app.c:934:13:OnStoreContextRequest	16	static
../LoRaWAN/App/lora_app.c:949:13:OnRestoreContextRequest	8	static
../LoRaWAN/App/lora_app.c:836:13:StopJoin	16	static
../LoRaWAN/App/lora_app.c:894:13:StoreContext	8	static
../LoRaWAN/App/lora_app.c:546:13:SendTxData	32	static
../LoRaWAN/App/lora_app.c:348:6:LoRaWAN_Init	48	static
../LoRaWAN/App/lora_app.c:442:6:HAL_GPIO_EXTI_Callback	0	static
