../Middlewares/Third_Party/LoRaWAN/LmHandler/Packages/LmhpCompliance.c:192:13:LmhpComplianceInit	4	static
../Middlewares/Third_Party/LoRaWAN/LmHandler/Packages/LmhpCompliance.c:208:13:LmhpComplianceIsInitialized	0	static
../Middlewares/Third_Party/LoRaWAN/LmHandler/Packages/LmhpCompliance.c:213:13:LmhpComplianceIsRunning	0	static
../Middlewares/Third_Party/LoRaWAN/LmHandler/Packages/LmhpCompliance.c:223:13:LmhpComplianceOnMcpsConfirm	0	static
../Middlewares/Third_Party/LoRaWAN/LmHandler/Packages/LmhpCompliance.c:239:13:LmhpComplianceOnMlmeConfirm	0	static
../Middlewares/Third_Party/LoRaWAN/LmHandler/Packages/LmhpCompliance.c:526:13:LmhpComplianceProcess	0	static
../Middlewares/Third_Party/LoRaWAN/LmHandler/Packages/LmhpCompliance.c:259:31:LmhpComplianceTxProcess	16	static
../Middlewares/Third_Party/LoRaWAN/LmHandler/Packages/LmhpCompliance.c:313:13:LmhpComplianceOnMcpsIndication	56	static
../Middlewares/Third_Party/LoRaWAN/LmHandler/Packages/LmhpCompliance.c:531:13:OnComplianceTxNextPacketTimerEvent	8	static
../Middlewares/Third_Party/LoRaWAN/LmHandler/Packages/LmhpCompliance.c:187:15:LmhpCompliancePackageFactory	0	static
