../Drivers/STM32WLxx_HAL_Driver/Inc/stm32wlxx_ll_rcc.h:1257:22:LL_RCC_LSE_SetDriveCapability	16	static
../Core/Src/main.c:97:5:main	8	static
../Core/Src/main.c:168:6:SystemClock_Config	112	static
../Core/Src/main.c:218:6:EnablePM_sens	8	static
../Core/Src/main.c:223:6:DisablePM_sens	8	static
../Core/Src/main.c:229:6:MeasurePM_sens	24	static
../Core/Src/main.c:237:6:MeasureOzone	24	static
../Core/Src/main.c:243:6:MeasureTempHum	16	static
../Core/Src/main.c:252:6:HAL_TIM_PeriodElapsedCallback	16	static
../Core/Src/main.c:287:6:Error_Handler	4	static,ignoring_inline_asm
