../Drivers/STM32WLxx_HAL_Driver/Inc/stm32wlxx_ll_rcc.h:1257:22:LL_RCC_LSE_SetDriveCapability	16	static
../Core/Src/main.c:96:5:main	16	static
../Core/Src/main.c:196:6:SystemClock_Config	112	static
../Core/Src/main.c:244:6:HAL_UARTEx_RxEventCallback	16	static
../Core/Src/main.c:260:6:EnablePM_sens	8	static
../Core/Src/main.c:265:6:DisablePM_sens	8	static
../Core/Src/main.c:271:6:MeasurePM_sens	8	static
../Core/Src/main.c:282:6:HAL_TIM_PeriodElapsedCallback	16	static
../Core/Src/main.c:314:6:Error_Handler	4	static,ignoring_inline_asm
