../Core/Src/stm32wlxx_it.c:77:6:NMI_Handler	4	static
../Core/Src/stm32wlxx_it.c:92:6:HardFault_Handler	4	static
../Core/Src/stm32wlxx_it.c:107:6:MemManage_Handler	4	static
../Core/Src/stm32wlxx_it.c:122:6:BusFault_Handler	4	static
../Core/Src/stm32wlxx_it.c:137:6:UsageFault_Handler	4	static
../Core/Src/stm32wlxx_it.c:152:6:SVC_Handler	4	static
../Core/Src/stm32wlxx_it.c:165:6:DebugMon_Handler	4	static
../Core/Src/stm32wlxx_it.c:178:6:PendSV_Handler	4	static
../Core/Src/stm32wlxx_it.c:191:6:SysTick_Handler	4	static
../Core/Src/stm32wlxx_it.c:211:6:TAMP_STAMP_LSECSS_SSRU_IRQHandler	8	static
../Core/Src/stm32wlxx_it.c:225:6:DMA1_Channel1_IRQHandler	8	static
../Core/Src/stm32wlxx_it.c:239:6:DMA1_Channel2_IRQHandler	8	static
../Core/Src/stm32wlxx_it.c:253:6:TIM16_IRQHandler	8	static
../Core/Src/stm32wlxx_it.c:267:6:TIM17_IRQHandler	8	static
../Core/Src/stm32wlxx_it.c:281:6:I2C2_EV_IRQHandler	8	static
../Core/Src/stm32wlxx_it.c:295:6:I2C2_ER_IRQHandler	8	static
../Core/Src/stm32wlxx_it.c:309:6:USART1_IRQHandler	8	static
../Core/Src/stm32wlxx_it.c:323:6:USART2_IRQHandler	8	static
../Core/Src/stm32wlxx_it.c:337:6:RTC_Alarm_IRQHandler	8	static
../Core/Src/stm32wlxx_it.c:351:6:SUBGHZ_Radio_IRQHandler	8	static
../Core/Src/stm32wlxx_it.c:365:6:DMAMUX1_OVR_IRQHandler	8	static
