../Core/Src/sys_app.c:297:13:tiny_snprintf_like	16	static
../Core/Src/sys_app.c:261:13:TimestampNow	32	static
../Core/Src/sys_app.c:90:6:SystemApp_Init	8	static
../Core/Src/sys_app.c:141:6:UTIL_SEQ_Idle	8	static
../Core/Src/sys_app.c:152:9:GetBatteryLevel	8	static
../Core/Src/sys_app.c:184:9:GetTemperatureLevel	32	static
../Core/Src/sys_app.c:198:6:GetUniqueId	16	static
../Core/Src/sys_app.c:238:6:GetDevAddr	16	static
../Core/Src/sys_app.c:275:6:UTIL_ADV_TRACE_PreSendHook	8	static
../Core/Src/sys_app.c:286:6:UTIL_ADV_TRACE_PostSendHook	8	static
../Core/Src/sys_app.c:320:19:HAL_InitTick	0	static
../Core/Src/sys_app.c:335:10:HAL_GetTick	8	static
../Core/Src/sys_app.c:367:6:HAL_Delay	16	static
