../Core/Src/timer_if.c:264:10:TIMER_IF_SetTimerContext	0	static
../Core/Src/timer_if.c:278:10:TIMER_IF_GetTimerContext	0	static
../Core/Src/timer_if.c:289:10:TIMER_IF_GetTimerElapsedTime	0	static
../Core/Src/timer_if.c:302:10:TIMER_IF_GetTimerValue	0	static
../Core/Src/timer_if.c:318:10:TIMER_IF_GetMinimumTimeout	0	static
../Core/Src/timer_if.c:331:10:TIMER_IF_Convert_ms2Tick	8	static
../Core/Src/timer_if.c:344:10:TIMER_IF_Convert_Tick2ms	0	static
../Core/Src/timer_if.c:246:21:TIMER_IF_StopTimer	8	static
../Core/Src/timer_if.c:181:21:TIMER_IF_Init	16	static
../Core/Src/timer_if.c:425:6:TIMER_IF_BkUp_Write_Seconds	8	static
../Core/Src/timer_if.c:436:6:TIMER_IF_BkUp_Write_SubSeconds	8	static
../Core/Src/timer_if.c:218:21:TIMER_IF_StartTimer	56	static
../Core/Src/timer_if.c:447:10:TIMER_IF_BkUp_Read_Seconds	8	static
../Core/Src/timer_if.c:460:10:TIMER_IF_BkUp_Read_SubSeconds	8	static
../Core/Src/timer_if.c:401:10:TIMER_IF_GetTime	16	static
../Core/Src/timer_if.c:357:6:TIMER_IF_DelayMs	8	static,ignoring_inline_asm
../Core/Src/timer_if.c:375:6:HAL_RTC_AlarmAEventCallback	8	static
../Core/Src/timer_if.c:386:6:HAL_RTCEx_SSRUEventCallback	8	static
