../Middlewares/Third_Party/LoRaWAN/Mac/Region/Region.c:590:6:RegionIsActive	0	static
../Middlewares/Third_Party/LoRaWAN/Mac/Region/Region.c:611:12:RegionGetPhyParam	16	static
../Middlewares/Third_Party/LoRaWAN/Mac/Region/Region.c:633:6:RegionSetBandTxDone	8	static
../Middlewares/Third_Party/LoRaWAN/Mac/Region/Region.c:654:6:RegionInitDefaults	8	static
../Middlewares/Third_Party/LoRaWAN/Mac/Region/Region.c:675:6:RegionVerify	8	static
../Middlewares/Third_Party/LoRaWAN/Mac/Region/Region.c:696:6:RegionApplyCFList	8	static
../Middlewares/Third_Party/LoRaWAN/Mac/Region/Region.c:717:6:RegionChanMaskSet	8	static
../Middlewares/Third_Party/LoRaWAN/Mac/Region/Region.c:738:6:RegionComputeRxWindowParameters	8	static
../Middlewares/Third_Party/LoRaWAN/Mac/Region/Region.c:759:6:RegionRxConfig	8	static
../Middlewares/Third_Party/LoRaWAN/Mac/Region/Region.c:780:6:RegionTxConfig	8	static
../Middlewares/Third_Party/LoRaWAN/Mac/Region/Region.c:801:9:RegionLinkAdrReq	16	static
../Middlewares/Third_Party/LoRaWAN/Mac/Region/Region.c:822:9:RegionRxParamSetupReq	8	static
../Middlewares/Third_Party/LoRaWAN/Mac/Region/Region.c:843:8:RegionNewChannelReq	8	static
../Middlewares/Third_Party/LoRaWAN/Mac/Region/Region.c:864:8:RegionTxParamSetupReq	8	static
../Middlewares/Third_Party/LoRaWAN/Mac/Region/Region.c:885:8:RegionDlChannelReq	8	static
../Middlewares/Third_Party/LoRaWAN/Mac/Region/Region.c:906:8:RegionAlternateDr	8	static
../Middlewares/Third_Party/LoRaWAN/Mac/Region/Region.c:927:17:RegionNextChannel	8	static
../Middlewares/Third_Party/LoRaWAN/Mac/Region/Region.c:948:17:RegionChannelAdd	8	static
../Middlewares/Third_Party/LoRaWAN/Mac/Region/Region.c:969:6:RegionChannelsRemove	8	static
../Middlewares/Third_Party/LoRaWAN/Mac/Region/Region.c:991:6:RegionSetContinuousWave	8	static
../Middlewares/Third_Party/LoRaWAN/Mac/Region/Region.c:1013:9:RegionApplyDrOffset	8	static
../Middlewares/Third_Party/LoRaWAN/Mac/Region/Region.c:1034:6:RegionRxBeaconSetup	8	static
../Middlewares/Third_Party/LoRaWAN/Mac/Region/Region.c:1055:11:RegionGetVersion	0	static
