../Middlewares/Third_Party/LoRaWAN/Mac/Region/RegionAS923.c:177:12:RegionAS923GetPhyParam	8	static
../Middlewares/Third_Party/LoRaWAN/Mac/Region/RegionAS923.c:425:6:RegionAS923SetBandTxDone	0	static
../Middlewares/Third_Party/LoRaWAN/Mac/Region/RegionAS923.c:438:6:RegionAS923InitDefaults	0	static
../Middlewares/Third_Party/LoRaWAN/Mac/Region/RegionAS923.c:512:6:RegionAS923Verify	0	static
../Middlewares/Third_Party/LoRaWAN/Mac/Region/RegionAS923.c:565:6:RegionAS923ApplyCFList	0	static
../Middlewares/Third_Party/LoRaWAN/Mac/Region/RegionAS923.c:626:6:RegionAS923ChanMaskSet	0	static
../Middlewares/Third_Party/LoRaWAN/Mac/Region/RegionAS923.c:650:6:RegionAS923ComputeRxWindowParameters	0	static
../Middlewares/Third_Party/LoRaWAN/Mac/Region/RegionAS923.c:672:6:RegionAS923RxConfig	0	static
../Middlewares/Third_Party/LoRaWAN/Mac/Region/RegionAS923.c:734:6:RegionAS923TxConfig	0	static
../Middlewares/Third_Party/LoRaWAN/Mac/Region/RegionAS923.c:778:9:RegionAS923LinkAdrReq	0	static
../Middlewares/Third_Party/LoRaWAN/Mac/Region/RegionAS923.c:885:9:RegionAS923RxParamSetupReq	0	static
../Middlewares/Third_Party/LoRaWAN/Mac/Region/RegionAS923.c:912:8:RegionAS923NewChannelReq	0	static
../Middlewares/Third_Party/LoRaWAN/Mac/Region/RegionAS923.c:965:8:RegionAS923TxParamSetupReq	0	static
../Middlewares/Third_Party/LoRaWAN/Mac/Region/RegionAS923.c:971:8:RegionAS923DlChannelReq	0	static
../Middlewares/Third_Party/LoRaWAN/Mac/Region/RegionAS923.c:1003:8:RegionAS923AlternateDr	0	static
../Middlewares/Third_Party/LoRaWAN/Mac/Region/RegionAS923.c:1013:17:RegionAS923NextChannel	0	static
../Middlewares/Third_Party/LoRaWAN/Mac/Region/RegionAS923.c:1095:17:RegionAS923ChannelAdd	0	static
../Middlewares/Third_Party/LoRaWAN/Mac/Region/RegionAS923.c:1158:6:RegionAS923ChannelsRemove	0	static
../Middlewares/Third_Party/LoRaWAN/Mac/Region/RegionAS923.c:1178:6:RegionAS923SetContinuousWave	0	static
../Middlewares/Third_Party/LoRaWAN/Mac/Region/RegionAS923.c:1192:9:RegionAS923ApplyDrOffset	0	static
../Middlewares/Third_Party/LoRaWAN/Mac/Region/RegionAS923.c:1237:6:RegionAS923RxBeaconSetup	0	static
