../Middlewares/Third_Party/LoRaWAN/Mac/Region/RegionRU864.c:95:12:RegionRU864GetPhyParam	8	static
../Middlewares/Third_Party/LoRaWAN/Mac/Region/RegionRU864.c:312:6:RegionRU864SetBandTxDone	0	static
../Middlewares/Third_Party/LoRaWAN/Mac/Region/RegionRU864.c:326:6:RegionRU864InitDefaults	0	static
../Middlewares/Third_Party/LoRaWAN/Mac/Region/RegionRU864.c:391:6:RegionRU864Verify	0	static
../Middlewares/Third_Party/LoRaWAN/Mac/Region/RegionRU864.c:430:6:RegionRU864ApplyCFList	0	static
../Middlewares/Third_Party/LoRaWAN/Mac/Region/RegionRU864.c:491:6:RegionRU864ChanMaskSet	0	static
../Middlewares/Third_Party/LoRaWAN/Mac/Region/RegionRU864.c:515:6:RegionRU864ComputeRxWindowParameters	0	static
../Middlewares/Third_Party/LoRaWAN/Mac/Region/RegionRU864.c:537:6:RegionRU864RxConfig	0	static
../Middlewares/Third_Party/LoRaWAN/Mac/Region/RegionRU864.c:599:6:RegionRU864TxConfig	0	static
../Middlewares/Third_Party/LoRaWAN/Mac/Region/RegionRU864.c:643:9:RegionRU864LinkAdrReq	0	static
../Middlewares/Third_Party/LoRaWAN/Mac/Region/RegionRU864.c:750:9:RegionRU864RxParamSetupReq	0	static
../Middlewares/Third_Party/LoRaWAN/Mac/Region/RegionRU864.c:777:8:RegionRU864NewChannelReq	0	static
../Middlewares/Third_Party/LoRaWAN/Mac/Region/RegionRU864.c:830:8:RegionRU864TxParamSetupReq	0	static
../Middlewares/Third_Party/LoRaWAN/Mac/Region/RegionRU864.c:836:8:RegionRU864DlChannelReq	0	static
../Middlewares/Third_Party/LoRaWAN/Mac/Region/RegionRU864.c:868:8:RegionRU864AlternateDr	0	static
../Middlewares/Third_Party/LoRaWAN/Mac/Region/RegionRU864.c:877:17:RegionRU864NextChannel	0	static
../Middlewares/Third_Party/LoRaWAN/Mac/Region/RegionRU864.c:936:17:RegionRU864ChannelAdd	0	static
../Middlewares/Third_Party/LoRaWAN/Mac/Region/RegionRU864.c:999:6:RegionRU864ChannelsRemove	0	static
../Middlewares/Third_Party/LoRaWAN/Mac/Region/RegionRU864.c:1019:6:RegionRU864SetContinuousWave	0	static
../Middlewares/Third_Party/LoRaWAN/Mac/Region/RegionRU864.c:1034:9:RegionRU864ApplyDrOffset	0	static
../Middlewares/Third_Party/LoRaWAN/Mac/Region/RegionRU864.c:1049:6:RegionRU864RxBeaconSetup	0	static
