../Middlewares/Third_Party/LoRaWAN/Mac/Region/RegionIN865.c:93:12:RegionIN865GetPhyParam	8	static
../Middlewares/Third_Party/LoRaWAN/Mac/Region/RegionIN865.c:309:6:RegionIN865SetBandTxDone	0	static
../Middlewares/Third_Party/LoRaWAN/Mac/Region/RegionIN865.c:322:6:RegionIN865InitDefaults	0	static
../Middlewares/Third_Party/LoRaWAN/Mac/Region/RegionIN865.c:389:6:RegionIN865Verify	0	static
../Middlewares/Third_Party/LoRaWAN/Mac/Region/RegionIN865.c:442:6:RegionIN865ApplyCFList	0	static
../Middlewares/Third_Party/LoRaWAN/Mac/Region/RegionIN865.c:503:6:RegionIN865ChanMaskSet	0	static
../Middlewares/Third_Party/LoRaWAN/Mac/Region/RegionIN865.c:527:6:RegionIN865ComputeRxWindowParameters	0	static
../Middlewares/Third_Party/LoRaWAN/Mac/Region/RegionIN865.c:549:6:RegionIN865RxConfig	0	static
../Middlewares/Third_Party/LoRaWAN/Mac/Region/RegionIN865.c:610:6:RegionIN865TxConfig	0	static
../Middlewares/Third_Party/LoRaWAN/Mac/Region/RegionIN865.c:654:9:RegionIN865LinkAdrReq	0	static
../Middlewares/Third_Party/LoRaWAN/Mac/Region/RegionIN865.c:768:9:RegionIN865RxParamSetupReq	0	static
../Middlewares/Third_Party/LoRaWAN/Mac/Region/RegionIN865.c:797:8:RegionIN865NewChannelReq	0	static
../Middlewares/Third_Party/LoRaWAN/Mac/Region/RegionIN865.c:850:8:RegionIN865TxParamSetupReq	0	static
../Middlewares/Third_Party/LoRaWAN/Mac/Region/RegionIN865.c:856:8:RegionIN865DlChannelReq	0	static
../Middlewares/Third_Party/LoRaWAN/Mac/Region/RegionIN865.c:888:8:RegionIN865AlternateDr	0	static
../Middlewares/Third_Party/LoRaWAN/Mac/Region/RegionIN865.c:897:17:RegionIN865NextChannel	0	static
../Middlewares/Third_Party/LoRaWAN/Mac/Region/RegionIN865.c:956:17:RegionIN865ChannelAdd	0	static
../Middlewares/Third_Party/LoRaWAN/Mac/Region/RegionIN865.c:1019:6:RegionIN865ChannelsRemove	0	static
../Middlewares/Third_Party/LoRaWAN/Mac/Region/RegionIN865.c:1039:6:RegionIN865SetContinuousWave	0	static
../Middlewares/Third_Party/LoRaWAN/Mac/Region/RegionIN865.c:1053:9:RegionIN865ApplyDrOffset	0	static
../Middlewares/Third_Party/LoRaWAN/Mac/Region/RegionIN865.c:1079:6:RegionIN865RxBeaconSetup	0	static
