../Middlewares/Third_Party/LoRaWAN/Mac/Region/RegionUS915.c:133:12:RegionUS915GetPhyParam	8	static
../Middlewares/Third_Party/LoRaWAN/Mac/Region/RegionUS915.c:363:6:RegionUS915SetBandTxDone	0	static
../Middlewares/Third_Party/LoRaWAN/Mac/Region/RegionUS915.c:376:6:RegionUS915InitDefaults	0	static
../Middlewares/Third_Party/LoRaWAN/Mac/Region/RegionUS915.c:485:6:RegionUS915Verify	0	static
../Middlewares/Third_Party/LoRaWAN/Mac/Region/RegionUS915.c:532:6:RegionUS915ApplyCFList	0	static
../Middlewares/Third_Party/LoRaWAN/Mac/Region/RegionUS915.c:562:6:RegionUS915ChanMaskSet	0	static
../Middlewares/Third_Party/LoRaWAN/Mac/Region/RegionUS915.c:603:6:RegionUS915ComputeRxWindowParameters	0	static
../Middlewares/Third_Party/LoRaWAN/Mac/Region/RegionUS915.c:618:6:RegionUS915RxConfig	0	static
../Middlewares/Third_Party/LoRaWAN/Mac/Region/RegionUS915.c:665:6:RegionUS915TxConfig	0	static
../Middlewares/Third_Party/LoRaWAN/Mac/Region/RegionUS915.c:700:9:RegionUS915LinkAdrReq	0	static
../Middlewares/Third_Party/LoRaWAN/Mac/Region/RegionUS915.c:867:9:RegionUS915RxParamSetupReq	0	static
../Middlewares/Third_Party/LoRaWAN/Mac/Region/RegionUS915.c:899:8:RegionUS915NewChannelReq	0	static
../Middlewares/Third_Party/LoRaWAN/Mac/Region/RegionUS915.c:905:8:RegionUS915TxParamSetupReq	0	static
../Middlewares/Third_Party/LoRaWAN/Mac/Region/RegionUS915.c:911:8:RegionUS915DlChannelReq	0	static
../Middlewares/Third_Party/LoRaWAN/Mac/Region/RegionUS915.c:917:8:RegionUS915AlternateDr	0	static
../Middlewares/Third_Party/LoRaWAN/Mac/Region/RegionUS915.c:946:17:RegionUS915NextChannel	0	static
../Middlewares/Third_Party/LoRaWAN/Mac/Region/RegionUS915.c:1052:17:RegionUS915ChannelAdd	0	static
../Middlewares/Third_Party/LoRaWAN/Mac/Region/RegionUS915.c:1057:6:RegionUS915ChannelsRemove	0	static
../Middlewares/Third_Party/LoRaWAN/Mac/Region/RegionUS915.c:1063:6:RegionUS915SetContinuousWave	0	static
../Middlewares/Third_Party/LoRaWAN/Mac/Region/RegionUS915.c:1078:9:RegionUS915ApplyDrOffset	0	static
../Middlewares/Third_Party/LoRaWAN/Mac/Region/RegionUS915.c:1093:6:RegionUS915RxBeaconSetup	0	static
