../Middlewares/Third_Party/LoRaWAN/Mac/Region/RegionKR920.c:120:12:RegionKR920GetPhyParam	8	static
../Middlewares/Third_Party/LoRaWAN/Mac/Region/RegionKR920.c:340:6:RegionKR920SetBandTxDone	0	static
../Middlewares/Third_Party/LoRaWAN/Mac/Region/RegionKR920.c:353:6:RegionKR920InitDefaults	0	static
../Middlewares/Third_Party/LoRaWAN/Mac/Region/RegionKR920.c:423:6:RegionKR920Verify	0	static
../Middlewares/Third_Party/LoRaWAN/Mac/Region/RegionKR920.c:462:6:RegionKR920ApplyCFList	0	static
../Middlewares/Third_Party/LoRaWAN/Mac/Region/RegionKR920.c:523:6:RegionKR920ChanMaskSet	0	static
../Middlewares/Third_Party/LoRaWAN/Mac/Region/RegionKR920.c:547:6:RegionKR920ComputeRxWindowParameters	0	static
../Middlewares/Third_Party/LoRaWAN/Mac/Region/RegionKR920.c:562:6:RegionKR920RxConfig	0	static
../Middlewares/Third_Party/LoRaWAN/Mac/Region/RegionKR920.c:614:6:RegionKR920TxConfig	0	static
../Middlewares/Third_Party/LoRaWAN/Mac/Region/RegionKR920.c:652:9:RegionKR920LinkAdrReq	0	static
../Middlewares/Third_Party/LoRaWAN/Mac/Region/RegionKR920.c:759:9:RegionKR920RxParamSetupReq	0	static
../Middlewares/Third_Party/LoRaWAN/Mac/Region/RegionKR920.c:786:8:RegionKR920NewChannelReq	0	static
../Middlewares/Third_Party/LoRaWAN/Mac/Region/RegionKR920.c:839:8:RegionKR920TxParamSetupReq	0	static
../Middlewares/Third_Party/LoRaWAN/Mac/Region/RegionKR920.c:845:8:RegionKR920DlChannelReq	0	static
../Middlewares/Third_Party/LoRaWAN/Mac/Region/RegionKR920.c:877:8:RegionKR920AlternateDr	0	static
../Middlewares/Third_Party/LoRaWAN/Mac/Region/RegionKR920.c:886:17:RegionKR920NextChannel	0	static
../Middlewares/Third_Party/LoRaWAN/Mac/Region/RegionKR920.c:961:17:RegionKR920ChannelAdd	0	static
../Middlewares/Third_Party/LoRaWAN/Mac/Region/RegionKR920.c:1024:6:RegionKR920ChannelsRemove	0	static
../Middlewares/Third_Party/LoRaWAN/Mac/Region/RegionKR920.c:1044:6:RegionKR920SetContinuousWave	0	static
../Middlewares/Third_Party/LoRaWAN/Mac/Region/RegionKR920.c:1064:9:RegionKR920ApplyDrOffset	0	static
../Middlewares/Third_Party/LoRaWAN/Mac/Region/RegionKR920.c:1079:6:RegionKR920RxBeaconSetup	0	static
