../Middlewares/Third_Party/LoRaWAN/Mac/Region/RegionCN470.c:358:12:RegionCN470GetPhyParam	8	static
../Middlewares/Third_Party/LoRaWAN/Mac/Region/RegionCN470.c:658:6:RegionCN470SetBandTxDone	0	static
../Middlewares/Third_Party/LoRaWAN/Mac/Region/RegionCN470.c:671:6:RegionCN470InitDefaults	0	static
../Middlewares/Third_Party/LoRaWAN/Mac/Region/RegionCN470.c:779:6:RegionCN470Verify	0	static
../Middlewares/Third_Party/LoRaWAN/Mac/Region/RegionCN470.c:815:6:RegionCN470ApplyCFList	0	static
../Middlewares/Third_Party/LoRaWAN/Mac/Region/RegionCN470.c:865:6:RegionCN470ChanMaskSet	0	static
../Middlewares/Third_Party/LoRaWAN/Mac/Region/RegionCN470.c:896:6:RegionCN470ComputeRxWindowParameters	0	static
../Middlewares/Third_Party/LoRaWAN/Mac/Region/RegionCN470.c:911:6:RegionCN470RxConfig	0	static
../Middlewares/Third_Party/LoRaWAN/Mac/Region/RegionCN470.c:981:6:RegionCN470TxConfig	0	static
../Middlewares/Third_Party/LoRaWAN/Mac/Region/RegionCN470.c:1055:9:RegionCN470LinkAdrReq	0	static
../Middlewares/Third_Party/LoRaWAN/Mac/Region/RegionCN470.c:1190:9:RegionCN470RxParamSetupReq	0	static
../Middlewares/Third_Party/LoRaWAN/Mac/Region/RegionCN470.c:1217:8:RegionCN470NewChannelReq	0	static
../Middlewares/Third_Party/LoRaWAN/Mac/Region/RegionCN470.c:1223:8:RegionCN470TxParamSetupReq	0	static
../Middlewares/Third_Party/LoRaWAN/Mac/Region/RegionCN470.c:1229:8:RegionCN470DlChannelReq	0	static
../Middlewares/Third_Party/LoRaWAN/Mac/Region/RegionCN470.c:1235:8:RegionCN470AlternateDr	0	static
../Middlewares/Third_Party/LoRaWAN/Mac/Region/RegionCN470.c:1244:17:RegionCN470NextChannel	0	static
../Middlewares/Third_Party/LoRaWAN/Mac/Region/RegionCN470.c:1346:17:RegionCN470ChannelAdd	0	static
../Middlewares/Third_Party/LoRaWAN/Mac/Region/RegionCN470.c:1351:6:RegionCN470ChannelsRemove	0	static
../Middlewares/Third_Party/LoRaWAN/Mac/Region/RegionCN470.c:1357:6:RegionCN470SetContinuousWave	0	static
../Middlewares/Third_Party/LoRaWAN/Mac/Region/RegionCN470.c:1372:9:RegionCN470ApplyDrOffset	0	static
../Middlewares/Third_Party/LoRaWAN/Mac/Region/RegionCN470.c:1390:6:RegionCN470RxBeaconSetup	0	static
