../Middlewares/Third_Party/LoRaWAN/Mac/Region/RegionCN470A20.c:63:9:RegionCN470A20GetBeaconChannelOffset	0	static
../Middlewares/Third_Party/LoRaWAN/Mac/Region/RegionCN470A20.c:68:9:RegionCN470A20LinkAdrChMaskUpdate	16	static
../Middlewares/Third_Party/LoRaWAN/Mac/Region/RegionCN470A20.c:114:6:RegionCN470A20VerifyRfFreq	8	static
../Middlewares/Third_Party/LoRaWAN/Mac/Region/RegionCN470A20.c:126:6:RegionCN470A20InitializeChannels	4	static
../Middlewares/Third_Party/LoRaWAN/Mac/Region/RegionCN470A20.c:143:6:RegionCN470A20InitializeChannelsMask	0	static
../Middlewares/Third_Party/LoRaWAN/Mac/Region/RegionCN470A20.c:163:10:RegionCN470A20GetRx1Frequency	0	static
../Middlewares/Third_Party/LoRaWAN/Mac/Region/RegionCN470A20.c:58:10:RegionCN470A20GetDownlinkFrequency	8	static
../Middlewares/Third_Party/LoRaWAN/Mac/Region/RegionCN470A20.c:178:10:RegionCN470A20GetRx2Frequency	48	static
