../Middlewares/Third_Party/LoRaWAN/Mac/Region/RegionEU433.c:94:12:RegionEU433GetPhyParam	8	static
../Middlewares/Third_Party/LoRaWAN/Mac/Region/RegionEU433.c:310:6:RegionEU433SetBandTxDone	0	static
../Middlewares/Third_Party/LoRaWAN/Mac/Region/RegionEU433.c:323:6:RegionEU433InitDefaults	0	static
../Middlewares/Third_Party/LoRaWAN/Mac/Region/RegionEU433.c:390:6:RegionEU433Verify	0	static
../Middlewares/Third_Party/LoRaWAN/Mac/Region/RegionEU433.c:429:6:RegionEU433ApplyCFList	0	static
../Middlewares/Third_Party/LoRaWAN/Mac/Region/RegionEU433.c:490:6:RegionEU433ChanMaskSet	0	static
../Middlewares/Third_Party/LoRaWAN/Mac/Region/RegionEU433.c:514:6:RegionEU433ComputeRxWindowParameters	0	static
../Middlewares/Third_Party/LoRaWAN/Mac/Region/RegionEU433.c:536:6:RegionEU433RxConfig	0	static
../Middlewares/Third_Party/LoRaWAN/Mac/Region/RegionEU433.c:597:6:RegionEU433TxConfig	0	static
../Middlewares/Third_Party/LoRaWAN/Mac/Region/RegionEU433.c:641:9:RegionEU433LinkAdrReq	0	static
../Middlewares/Third_Party/LoRaWAN/Mac/Region/RegionEU433.c:748:9:RegionEU433RxParamSetupReq	0	static
../Middlewares/Third_Party/LoRaWAN/Mac/Region/RegionEU433.c:775:8:RegionEU433NewChannelReq	0	static
../Middlewares/Third_Party/LoRaWAN/Mac/Region/RegionEU433.c:828:8:RegionEU433TxParamSetupReq	0	static
../Middlewares/Third_Party/LoRaWAN/Mac/Region/RegionEU433.c:834:8:RegionEU433DlChannelReq	0	static
../Middlewares/Third_Party/LoRaWAN/Mac/Region/RegionEU433.c:866:8:RegionEU433AlternateDr	0	static
../Middlewares/Third_Party/LoRaWAN/Mac/Region/RegionEU433.c:875:17:RegionEU433NextChannel	0	static
../Middlewares/Third_Party/LoRaWAN/Mac/Region/RegionEU433.c:934:17:RegionEU433ChannelAdd	0	static
../Middlewares/Third_Party/LoRaWAN/Mac/Region/RegionEU433.c:997:6:RegionEU433ChannelsRemove	0	static
../Middlewares/Third_Party/LoRaWAN/Mac/Region/RegionEU433.c:1017:6:RegionEU433SetContinuousWave	0	static
../Middlewares/Third_Party/LoRaWAN/Mac/Region/RegionEU433.c:1032:9:RegionEU433ApplyDrOffset	0	static
../Middlewares/Third_Party/LoRaWAN/Mac/Region/RegionEU433.c:1047:6:RegionEU433RxBeaconSetup	0	static
