../Middlewares/Third_Party/SubGHz_Phy/stm32_radio_driver/radio.c:1159:13:RadioCheckRfFrequency	0	static
../Middlewares/Third_Party/SubGHz_Phy/stm32_radio_driver/radio.c:1278:17:RadioTimeOnAir	16	static
../Middlewares/Third_Party/SubGHz_Phy/stm32_radio_driver/radio.c:1659:13:RadioOnTxTimeoutIrq	8	static
../Middlewares/Third_Party/SubGHz_Phy/stm32_radio_driver/radio.c:1664:13:RadioOnRxTimeoutIrq	8	static
../Middlewares/Third_Party/SubGHz_Phy/stm32_radio_driver/radio.c:2348:23:RadioLrFhssSetCfg	0	static
../Middlewares/Third_Party/SubGHz_Phy/stm32_radio_driver/radio.c:2379:23:RadioLrFhssGetTimeOnAirInMs	0	static
../Middlewares/Third_Party/SubGHz_Phy/stm32_radio_driver/radio.c:1618:13:RadioSetMaxPayloadLength	8	static
../Middlewares/Third_Party/SubGHz_Phy/stm32_radio_driver/radio.c:1603:16:RadioRead	8	static
../Middlewares/Third_Party/SubGHz_Phy/stm32_radio_driver/radio.c:1598:13:RadioWrite	8	static
../Middlewares/Third_Party/SubGHz_Phy/stm32_radio_driver/radio.c:1884:13:RadioTxCw	8	static
../Middlewares/Third_Party/SubGHz_Phy/stm32_radio_driver/radio.c:1542:13:RadioSetRxDutyCycle	16	static
../Middlewares/Third_Party/SubGHz_Phy/stm32_radio_driver/radio.c:1501:13:RadioRxBoosted	16	static
../Middlewares/Third_Party/SubGHz_Phy/stm32_radio_driver/radio.c:1454:13:RadioStandby	8	static
../Middlewares/Third_Party/SubGHz_Phy/stm32_radio_driver/radio.c:737:21:RadioGetStatus	8	static
../Middlewares/Third_Party/SubGHz_Phy/stm32_radio_driver/radio.c:1654:17:RadioGetWakeupTime	8	static
../Middlewares/Third_Party/SubGHz_Phy/stm32_radio_driver/radio.c:1613:13:RadioReadRegisters	8	static
../Middlewares/Third_Party/SubGHz_Phy/stm32_radio_driver/radio.c:1608:13:RadioWriteRegisters	8	static
../Middlewares/Third_Party/SubGHz_Phy/stm32_radio_driver/radio.c:1593:16:RadioRssi	8	static
../Middlewares/Third_Party/SubGHz_Phy/stm32_radio_driver/radio.c:1566:13:RadioSetTxContinuousWave	16	static
../Middlewares/Third_Party/SubGHz_Phy/stm32_radio_driver/radio.c:803:13:RadioSetChannel	8	static
../Middlewares/Third_Party/SubGHz_Phy/stm32_radio_driver/radio.c:1554:13:RadioStartCad	8	static
../Middlewares/Third_Party/SubGHz_Phy/stm32_radio_driver/radio.c:1459:13:RadioRx	16	static
../Middlewares/Third_Party/SubGHz_Phy/stm32_radio_driver/radio.c:1444:13:RadioSleep	8	static
../Middlewares/Third_Party/SubGHz_Phy/stm32_radio_driver/radio.c:845:17:RadioRandom	8	static
../Middlewares/Third_Party/SubGHz_Phy/stm32_radio_driver/radio.c:752:13:RadioSetModem	8	static
../Middlewares/Third_Party/SubGHz_Phy/stm32_radio_driver/radio.c:2110:16:RadioSetTxGenericConfig	48	static
../Middlewares/Third_Party/SubGHz_Phy/stm32_radio_driver/radio.c:1932:16:RadioSetRxGenericConfig	48	static
../Middlewares/Third_Party/SubGHz_Phy/stm32_radio_driver/radio.c:1635:13:RadioSetPublicNetwork	8	static
../Middlewares/Third_Party/SubGHz_Phy/stm32_radio_driver/radio.c:1049:13:RadioSetTxConfig	48	static
../Middlewares/Third_Party/SubGHz_Phy/stm32_radio_driver/radio.c:704:13:RadioInit	24	static
../Middlewares/Third_Party/SubGHz_Phy/stm32_radio_driver/radio.c:860:13:RadioSetRxConfig	64	static
../Middlewares/Third_Party/SubGHz_Phy/stm32_radio_driver/radio.c:1311:23:RadioSend	24	static
../Middlewares/Third_Party/SubGHz_Phy/stm32_radio_driver/radio.c:1696:13:RadioIrqProcess	24	static
../Middlewares/Third_Party/SubGHz_Phy/stm32_radio_driver/radio.c:1689:13:RadioOnDioIrq	8	static
../Middlewares/Third_Party/SubGHz_Phy/stm32_radio_driver/radio.c:1876:13:RadioTxPrbs	8	static
../Middlewares/Third_Party/SubGHz_Phy/stm32_radio_driver/radio.c:808:13:RadioIsChannelFree	64	static
