../Middlewares/Third_Party/SubGHz_Phy/stm32_radio_driver/radio_driver.c:226:23:SUBGRF_GetOperatingMode	0	static
../Middlewares/Third_Party/SubGHz_Phy/stm32_radio_driver/radio_driver.c:615:20:SUBGRF_GetPacketType	0	static
../Middlewares/Third_Party/SubGHz_Phy/stm32_radio_driver/radio_driver.c:952:6:SUBGRF_WriteRegister	16	static
../Middlewares/Third_Party/SubGHz_Phy/stm32_radio_driver/radio_driver.c:957:9:SUBGRF_ReadRegister	16	static
../Middlewares/Third_Party/SubGHz_Phy/stm32_radio_driver/radio_driver.c:1139:13:Radio_SMPS_Set	8	static
../Middlewares/Third_Party/SubGHz_Phy/stm32_radio_driver/radio_driver.c:298:6:SUBGRF_SetWhiteningSeed	8	static
../Middlewares/Third_Party/SubGHz_Phy/stm32_radio_driver/radio_driver.c:964:6:SUBGRF_WriteRegisters	8	static,ignoring_inline_asm
../Middlewares/Third_Party/SubGHz_Phy/stm32_radio_driver/radio_driver.c:256:9:SUBGRF_SetSyncWord	8	static
../Middlewares/Third_Party/SubGHz_Phy/stm32_radio_driver/radio_driver.c:262:6:SUBGRF_SetCrcSeed	16	static
../Middlewares/Third_Party/SubGHz_Phy/stm32_radio_driver/radio_driver.c:280:6:SUBGRF_SetCrcPolynomial	16	static
../Middlewares/Third_Party/SubGHz_Phy/stm32_radio_driver/radio_driver.c:971:6:SUBGRF_ReadRegisters	8	static,ignoring_inline_asm
../Middlewares/Third_Party/SubGHz_Phy/stm32_radio_driver/radio_driver.c:978:6:SUBGRF_WriteBuffer	8	static,ignoring_inline_asm
../Middlewares/Third_Party/SubGHz_Phy/stm32_radio_driver/radio_driver.c:231:6:SUBGRF_SetPayload	8	static
../Middlewares/Third_Party/SubGHz_Phy/stm32_radio_driver/radio_driver.c:985:6:SUBGRF_ReadBuffer	8	static,ignoring_inline_asm
../Middlewares/Third_Party/SubGHz_Phy/stm32_radio_driver/radio_driver.c:992:6:SUBGRF_WriteCommand	8	static,ignoring_inline_asm
../Middlewares/Third_Party/SubGHz_Phy/stm32_radio_driver/radio_driver.c:341:6:SUBGRF_SetSleep	16	static
../Middlewares/Third_Party/SubGHz_Phy/stm32_radio_driver/radio_driver.c:355:6:SUBGRF_SetStandby	16	static
../Middlewares/Third_Party/SubGHz_Phy/stm32_radio_driver/radio_driver.c:368:6:SUBGRF_SetFs	8	static
../Middlewares/Third_Party/SubGHz_Phy/stm32_radio_driver/radio_driver.c:374:6:SUBGRF_SetTx	16	static
../Middlewares/Third_Party/SubGHz_Phy/stm32_radio_driver/radio_driver.c:250:6:SUBGRF_SendPayload	8	static
../Middlewares/Third_Party/SubGHz_Phy/stm32_radio_driver/radio_driver.c:386:6:SUBGRF_SetRx	16	static
../Middlewares/Third_Party/SubGHz_Phy/stm32_radio_driver/radio_driver.c:316:10:SUBGRF_GetRandom	24	static
../Middlewares/Third_Party/SubGHz_Phy/stm32_radio_driver/radio_driver.c:398:6:SUBGRF_SetRxBoosted	16	static
../Middlewares/Third_Party/SubGHz_Phy/stm32_radio_driver/radio_driver.c:412:6:SUBGRF_SetRxDutyCycle	16	static
../Middlewares/Third_Party/SubGHz_Phy/stm32_radio_driver/radio_driver.c:426:6:SUBGRF_SetCad	8	static
../Middlewares/Third_Party/SubGHz_Phy/stm32_radio_driver/radio_driver.c:432:6:SUBGRF_SetTxContinuousWave	8	static
../Middlewares/Third_Party/SubGHz_Phy/stm32_radio_driver/radio_driver.c:437:6:SUBGRF_SetTxInfinitePreamble	8	static
../Middlewares/Third_Party/SubGHz_Phy/stm32_radio_driver/radio_driver.c:442:6:SUBGRF_SetStopRxTimerOnPreambleDetect	16	static
../Middlewares/Third_Party/SubGHz_Phy/stm32_radio_driver/radio_driver.c:447:6:SUBGRF_SetLoRaSymbNumTimeout	16	static
../Middlewares/Third_Party/SubGHz_Phy/stm32_radio_driver/radio_driver.c:468:6:SUBGRF_SetRegulatorMode	16	static
../Middlewares/Third_Party/SubGHz_Phy/stm32_radio_driver/radio_driver.c:483:6:SUBGRF_Calibrate	16	static
../Middlewares/Third_Party/SubGHz_Phy/stm32_radio_driver/radio_driver.c:496:6:SUBGRF_CalibrateImage	16	static
../Middlewares/Third_Party/SubGHz_Phy/stm32_radio_driver/radio_driver.c:534:6:SUBGRF_SetPaConfig	16	static
../Middlewares/Third_Party/SubGHz_Phy/stm32_radio_driver/radio_driver.c:545:6:SUBGRF_SetRxTxFallbackMode	16	static
../Middlewares/Third_Party/SubGHz_Phy/stm32_radio_driver/radio_driver.c:550:6:SUBGRF_SetDioIrqParams	16	static
../Middlewares/Third_Party/SubGHz_Phy/stm32_radio_driver/radio_driver.c:573:6:SUBGRF_SetTcxoMode	16	static
../Middlewares/Third_Party/SubGHz_Phy/stm32_radio_driver/radio_driver.c:184:6:SUBGRF_Init	8	static
../Middlewares/Third_Party/SubGHz_Phy/stm32_radio_driver/radio_driver.c:585:6:SUBGRF_SetRfFrequency	16	static
../Middlewares/Third_Party/SubGHz_Phy/stm32_radio_driver/radio_driver.c:603:6:SUBGRF_SetPacketType	16	static
../Middlewares/Third_Party/SubGHz_Phy/stm32_radio_driver/radio_driver.c:620:6:SUBGRF_SetTxParams	24	static
../Middlewares/Third_Party/SubGHz_Phy/stm32_radio_driver/radio_driver.c:694:6:SUBGRF_SetModulationParams	16	static
../Middlewares/Third_Party/SubGHz_Phy/stm32_radio_driver/radio_driver.c:758:6:SUBGRF_SetPacketParams	24	static
../Middlewares/Third_Party/SubGHz_Phy/stm32_radio_driver/radio_driver.c:822:6:SUBGRF_SetCadParams	16	static
../Middlewares/Third_Party/SubGHz_Phy/stm32_radio_driver/radio_driver.c:837:6:SUBGRF_SetBufferBaseAddress	16	static
../Middlewares/Third_Party/SubGHz_Phy/stm32_radio_driver/radio_driver.c:937:6:SUBGRF_ClearDeviceErrors	16	static
../Middlewares/Third_Party/SubGHz_Phy/stm32_radio_driver/radio_driver.c:943:6:SUBGRF_ClearIrqStatus	16	static
../Middlewares/Third_Party/SubGHz_Phy/stm32_radio_driver/radio_driver.c:1000:6:SUBGRF_ReadCommand	8	static,ignoring_inline_asm
../Middlewares/Third_Party/SubGHz_Phy/stm32_radio_driver/radio_driver.c:565:10:SUBGRF_GetIrqStatus	16	static
../Middlewares/Third_Party/SubGHz_Phy/stm32_radio_driver/radio_driver.c:846:18:SUBGRF_GetStatus	16	static
../Middlewares/Third_Party/SubGHz_Phy/stm32_radio_driver/radio_driver.c:857:8:SUBGRF_GetRssiInst	16	static
../Middlewares/Third_Party/SubGHz_Phy/stm32_radio_driver/radio_driver.c:867:6:SUBGRF_GetRxBufferStatus	24	static
../Middlewares/Third_Party/SubGHz_Phy/stm32_radio_driver/radio_driver.c:236:9:SUBGRF_GetPayload	24	static
../Middlewares/Third_Party/SubGHz_Phy/stm32_radio_driver/radio_driver.c:886:6:SUBGRF_GetPacketStatus	16	static
../Middlewares/Third_Party/SubGHz_Phy/stm32_radio_driver/radio_driver.c:920:14:SUBGRF_GetDeviceErrors	16	static
../Middlewares/Third_Party/SubGHz_Phy/stm32_radio_driver/radio_driver.c:1008:6:SUBGRF_SetSwitch	8	static
../Middlewares/Third_Party/SubGHz_Phy/stm32_radio_driver/radio_driver.c:1034:9:SUBGRF_SetRfTxPower	16	static
../Middlewares/Third_Party/SubGHz_Phy/stm32_radio_driver/radio_driver.c:1073:10:SUBGRF_GetRadioWakeUpTime	0	static
../Middlewares/Third_Party/SubGHz_Phy/stm32_radio_driver/radio_driver.c:1079:6:HAL_SUBGHZ_TxCpltCallback	8	static
../Middlewares/Third_Party/SubGHz_Phy/stm32_radio_driver/radio_driver.c:1084:6:HAL_SUBGHZ_RxCpltCallback	8	static
../Middlewares/Third_Party/SubGHz_Phy/stm32_radio_driver/radio_driver.c:1089:6:HAL_SUBGHZ_CRCErrorCallback	8	static
../Middlewares/Third_Party/SubGHz_Phy/stm32_radio_driver/radio_driver.c:1094:6:HAL_SUBGHZ_CADStatusCallback	8	static
../Middlewares/Third_Party/SubGHz_Phy/stm32_radio_driver/radio_driver.c:1109:6:HAL_SUBGHZ_RxTxTimeoutCallback	8	static
../Middlewares/Third_Party/SubGHz_Phy/stm32_radio_driver/radio_driver.c:1114:6:HAL_SUBGHZ_HeaderErrorCallback	8	static
../Middlewares/Third_Party/SubGHz_Phy/stm32_radio_driver/radio_driver.c:1119:6:HAL_SUBGHZ_PreambleDetectedCallback	8	static
../Middlewares/Third_Party/SubGHz_Phy/stm32_radio_driver/radio_driver.c:1124:6:HAL_SUBGHZ_SyncWordValidCallback	8	static
../Middlewares/Third_Party/SubGHz_Phy/stm32_radio_driver/radio_driver.c:1129:6:HAL_SUBGHZ_HeaderValidCallback	8	static
../Middlewares/Third_Party/SubGHz_Phy/stm32_radio_driver/radio_driver.c:1134:6:HAL_SUBGHZ_LrFhssHopCallback	8	static
../Middlewares/Third_Party/SubGHz_Phy/stm32_radio_driver/radio_driver.c:1150:9:SUBGRF_GetFskBandwidthRegValue	0	static
../Middlewares/Third_Party/SubGHz_Phy/stm32_radio_driver/radio_driver.c:1169:6:SUBGRF_GetCFO	24	static
